Component: ARM Compiler 5.06 update 7 (build 960) Tool: armlink [4d3601]

==============================================================================

Section Cross References

    startup_stm32g431xx.o(STACK) refers (Special) to heapauxi.o(.text) for __use_two_region_memory
    startup_stm32g431xx.o(HEAP) refers (Special) to heapauxi.o(.text) for __use_two_region_memory
    startup_stm32g431xx.o(RESET) refers (Special) to heapauxi.o(.text) for __use_two_region_memory
    startup_stm32g431xx.o(RESET) refers to startup_stm32g431xx.o(STACK) for __initial_sp
    startup_stm32g431xx.o(RESET) refers to startup_stm32g431xx.o(.text) for Reset_Handler
    startup_stm32g431xx.o(RESET) refers to stm32g4xx_it.o(i.NMI_Handler) for NMI_Handler
    startup_stm32g431xx.o(RESET) refers to stm32g4xx_it.o(i.HardFault_Handler) for HardFault_Handler
    startup_stm32g431xx.o(RESET) refers to stm32g4xx_it.o(i.MemManage_Handler) for MemManage_Handler
    startup_stm32g431xx.o(RESET) refers to stm32g4xx_it.o(i.BusFault_Handler) for BusFault_Handler
    startup_stm32g431xx.o(RESET) refers to stm32g4xx_it.o(i.UsageFault_Handler) for UsageFault_Handler
    startup_stm32g431xx.o(RESET) refers to stm32g4xx_it.o(i.SVC_Handler) for SVC_Handler
    startup_stm32g431xx.o(RESET) refers to stm32g4xx_it.o(i.DebugMon_Handler) for DebugMon_Handler
    startup_stm32g431xx.o(RESET) refers to stm32g4xx_it.o(i.PendSV_Handler) for PendSV_Handler
    startup_stm32g431xx.o(RESET) refers to stm32g4xx_it.o(i.SysTick_Handler) for SysTick_Handler
    startup_stm32g431xx.o(RESET) refers to stm32g4xx_it.o(i.EXTI2_IRQHandler) for EXTI2_IRQHandler
    startup_stm32g431xx.o(RESET) refers to stm32g4xx_it.o(i.DMA1_Channel1_IRQHandler) for DMA1_Channel1_IRQHandler
    startup_stm32g431xx.o(RESET) refers to stm32g4xx_it.o(i.DMA1_Channel2_IRQHandler) for DMA1_Channel2_IRQHandler
    startup_stm32g431xx.o(RESET) refers to stm32g4xx_it.o(i.ADC1_2_IRQHandler) for ADC1_2_IRQHandler
    startup_stm32g431xx.o(RESET) refers to stm32g4xx_it.o(i.USB_LP_IRQHandler) for USB_LP_IRQHandler
    startup_stm32g431xx.o(RESET) refers to stm32g4xx_it.o(i.DMA2_Channel1_IRQHandler) for DMA2_Channel1_IRQHandler
    startup_stm32g431xx.o(RESET) refers to stm32g4xx_it.o(i.DMA2_Channel2_IRQHandler) for DMA2_Channel2_IRQHandler
    startup_stm32g431xx.o(.text) refers (Special) to heapauxi.o(.text) for __use_two_region_memory
    startup_stm32g431xx.o(.text) refers to system_stm32g4xx.o(i.SystemInit) for SystemInit
    startup_stm32g431xx.o(.text) refers to __main.o(!!!main) for __main
    startup_stm32g431xx.o(.text) refers to startup_stm32g431xx.o(HEAP) for Heap_Mem
    startup_stm32g431xx.o(.text) refers to startup_stm32g431xx.o(STACK) for Stack_Mem
    main.o(i.MX_ADC1_Init) refers to stm32g4xx_ll_gpio.o(i.LL_GPIO_Init) for LL_GPIO_Init
    main.o(i.MX_ADC1_Init) refers to stm32g4xx_ll_adc.o(i.LL_ADC_Init) for LL_ADC_Init
    main.o(i.MX_ADC1_Init) refers to stm32g4xx_ll_adc.o(i.LL_ADC_REG_Init) for LL_ADC_REG_Init
    main.o(i.MX_ADC1_Init) refers to stm32g4xx_ll_adc.o(i.LL_ADC_CommonInit) for LL_ADC_CommonInit
    main.o(i.MX_ADC1_Init) refers to stm32g4xx_ll_adc.o(i.LL_ADC_INJ_Init) for LL_ADC_INJ_Init
    main.o(i.MX_ADC1_Init) refers to system_stm32g4xx.o(.data) for SystemCoreClock
    main.o(i.MX_TIM1_Init) refers to stm32g4xx_ll_tim.o(i.LL_TIM_Init) for LL_TIM_Init
    main.o(i.MX_TIM1_Init) refers to stm32g4xx_ll_tim.o(i.LL_TIM_OC_Init) for LL_TIM_OC_Init
    main.o(i.MX_TIM1_Init) refers to stm32g4xx_ll_tim.o(i.LL_TIM_BDTR_Init) for LL_TIM_BDTR_Init
    main.o(i.MX_TIM1_Init) refers to stm32g4xx_ll_gpio.o(i.LL_GPIO_Init) for LL_GPIO_Init
    main.o(i.MX_TIM1_Init) refers to main.o(.constdata) for .constdata
    main.o(i.SystemClock_Config) refers to stm32g4xx_ll_utils.o(i.LL_SetSystemCoreClock) for LL_SetSystemCoreClock
    main.o(i.SystemClock_Config) refers to stm32g4xx_hal.o(i.HAL_InitTick) for HAL_InitTick
    main.o(i.main) refers to stm32g4xx_hal.o(i.HAL_Init) for HAL_Init
    main.o(i.main) refers to main.o(i.SystemClock_Config) for SystemClock_Config
    main.o(i.main) refers to stm32g4xx_ll_gpio.o(i.LL_GPIO_Init) for LL_GPIO_Init
    main.o(i.main) refers to stm32g4xx_ll_exti.o(i.LL_EXTI_Init) for LL_EXTI_Init
    main.o(i.main) refers to stm32g4xx_ll_comp.o(i.LL_COMP_Init) for LL_COMP_Init
    main.o(i.main) refers to system_stm32g4xx.o(.data) for SystemCoreClock
    main.o(i.main) refers to stm32g4xx_ll_dac.o(i.LL_DAC_Init) for LL_DAC_Init
    main.o(i.main) refers to main.o(i.MX_ADC1_Init) for MX_ADC1_Init
    main.o(i.main) refers to stm32g4xx_ll_adc.o(i.LL_ADC_Init) for LL_ADC_Init
    main.o(i.main) refers to stm32g4xx_ll_adc.o(i.LL_ADC_REG_Init) for LL_ADC_REG_Init
    main.o(i.main) refers to stm32g4xx_ll_adc.o(i.LL_ADC_INJ_Init) for LL_ADC_INJ_Init
    main.o(i.main) refers to stm32g4xx_ll_i2c.o(i.LL_I2C_Init) for LL_I2C_Init
    main.o(i.main) refers to main.o(i.MX_TIM1_Init) for MX_TIM1_Init
[...]
    difEncoderCnt                            0x2000004c   Data           4  mcsensor.o(.data)
    .data                                    0x20000050   Section       24  mctask.o(.data)
    counter                                  0x20000050   Data           2  mctask.o(.data)
    filter0                                  0x20000054   Data           4  mctask.o(.data)
    filter1                                  0x20000058   Data           4  mctask.o(.data)
    polarity                                 0x2000005c   Data           4  mctask.o(.data)
    sysRunTimeCnt                            0x20000060   Data           8  mctask.o(.data)
    .data                                    0x20000068   Section       44  mcvar.o(.data)
    .data                                    0x20000094   Section        4  mcvar.o(.data)
    .data                                    0x20000098   Section        4  mcvar.o(.data)
    .data                                    0x2000009c   Section        4  mcvar.o(.data)
    .data                                    0x200000a0   Section        4  mcvar.o(.data)
    .data                                    0x200000a4   Section        4  mcvar.o(.data)
    .data                                    0x200000a8   Section        4  mcvar.o(.data)
    .data                                    0x200000ac   Section        4  mcvar.o(.data)
    .data                                    0x200000b0   Section        4  mcvar.o(.data)
    .data                                    0x200000b4   Section        4  mcvar.o(.data)
    .data                                    0x200000b8   Section        4  mcvar.o(.data)
    .data                                    0x200000bc   Section        4  mcvar.o(.data)
    .data                                    0x200000c0   Section        4  mcvar.o(.data)
    .data                                    0x200000c4   Section        4  mcvar.o(.data)
    .data                                    0x200000c8   Section       36  mcconfig.o(.data)
    isStart                                  0x200000c8   Data           1  mcconfig.o(.data)
    index                                    0x200000ca   Data           2  mcconfig.o(.data)
    key3Cnt                                  0x200000cc   Data           2  mcconfig.o(.data)
    timeBase                                 0x200000d0   Data           4  mcconfig.o(.data)
    .data                                    0x200000ec   Section       12  stm32g4xx_hal.o(.data)
    .data                                    0x200000f8   Section       32  usbd_desc.o(.data)
    .data                                    0x20000118   Section       50  usbd_desc.o(.data)
    .data                                    0x2000014c   Section       20  usbd_cdc_if.o(.data)
    .data                                    0x20000160   Section        1  usbd_ctlreq.o(.data)
    cfgidx                                   0x20000160   Data           1  usbd_ctlreq.o(.data)
    .data                                    0x20000164   Section      215  usbd_cdc.o(.data)
    USBD_CDC_DeviceQualifierDesc             0x20000164   Data          10  usbd_cdc.o(.data)
    USBD_CDC_CfgHSDesc                       0x20000170   Data          67  usbd_cdc.o(.data)
    USBD_CDC_CfgFSDesc                       0x200001b4   Data          67  usbd_cdc.o(.data)
    USBD_CDC_OtherSpeedCfgDesc               0x200001f8   Data          67  usbd_cdc.o(.data)
    .data                                    0x2000023c   Section       56  usbd_cdc.o(.data)
    .bss                                     0x20000274   Section      140  mclvsensorless.o(.bss)
    lpf2stOrder0                             0x20000274   Data          28  mclvsensorless.o(.bss)
    lpf2stOrder1                             0x20000290   Data          28  mclvsensorless.o(.bss)
    bpf2stOrder0                             0x200002ac   Data          28  mclvsensorless.o(.bss)
    bpf2stOrder1                             0x200002c8   Data          28  mclvsensorless.o(.bss)
    bpf2stOrder2                             0x200002e4   Data          28  mclvsensorless.o(.bss)
    .bss                                     0x20000300   Section      840  mctask.o(.bss)
    adcOffsetFilterA                         0x20000300   Data         400  mctask.o(.bss)
    adcOffsetFilterB                         0x20000490   Data         400  mctask.o(.bss)
    busFilter                                0x20000620   Data          40  mctask.o(.bss)
    .bss                                     0x20000648   Section      740  mcvar.o(.bss)
    .bss                                     0x2000092c   Section       12  mcvar.o(.bss)
    .bss                                     0x20000938   Section      144  mcconfig.o(.bss)
    rngData                                  0x20000938   Data          16  mcconfig.o(.bss)
    .bss                                     0x200009c8   Section     1208  segger_rtt.o(.bss)
    _acUpBuffer                              0x20000a70   Data        1024  segger_rtt.o(.bss)
    _acDownBuffer                            0x20000e70   Data          16  segger_rtt.o(.bss)
    .bss                                     0x20000e80   Section     1276  usbd_conf.o(.bss)
    mem                                      0x20000e80   Data         544  usbd_conf.o(.bss)
    .bss                                     0x2000137c   Section      720  usb_device.o(.bss)
    .bss                                     0x2000164c   Section      512  usbd_desc.o(.bss)
    .bss                                     0x2000184c   Section     2000  usbd_cdc_if.o(.bss)
    .bss                                     0x2000201c   Section       96  libspace.o(.bss)
    HEAP                                     0x20002080   Section      512  startup_stm32g431xx.o(HEAP)
    Heap_Mem                                 0x20002080   Data         512  startup_stm32g431xx.o(HEAP)
    STACK                                    0x20002280   Section     1024  startup_stm32g431xx.o(STACK)
    Stack_Mem                                0x20002280   Data        1024  startup_stm32g431xx.o(STACK)
    __initial_sp                             0x20002680   Data           0  startup_stm32g431xx.o(STACK)

    Global Symbols

    Symbol Name                              Value     Ov Type        Size  Object(Section)

    BuildAttributes$$THM_ISAv4$E$P$D$K$B$S$7EM$VFPi3$EXTD16$VFPS$VFMA$PE$A:L22UL41UL21$X:L11$S22US41US21$IEEE1$IW$USESV6$~STKCKD$USESV7$~SHL$OTIME$ROPI$EBA8$UX$STANDARDLIB$REQ8$PRES8$EABIv2 0x00000000   Number         0  anon$$obj.o ABSOLUTE
    __ARM_use_no_argv                        0x00000000   Number         0  main.o ABSOLUTE
    __ARM_exceptions_init                     - Undefined Weak Reference
    __alloca_initialize                       - Undefined Weak Reference
    __arm_fini_                               - Undefined Weak Reference
    __arm_preinit_                            - Undefined Weak Reference
    __cpp_initialize__aeabi_                  - Undefined Weak Reference
    __cxa_finalize                            - Undefined Weak Reference
    __rt_locale                               - Undefined Weak Reference
    __sigvec_lookup                           - Undefined Weak Reference
    _atexit_init                              - Undefined Weak Reference
    _call_atexit_fns                          - Undefined Weak Reference
    _clock_init                               - Undefined Weak Reference
    _fp_trap_init                             - Undefined Weak Reference
    _fp_trap_shutdown                         - Undefined Weak Reference
    _get_lc_collate                           - Undefined Weak Reference
    _get_lc_ctype                             - Undefined Weak Reference
    _get_lc_monetary                          - Undefined Weak Reference
    _get_lc_numeric                           - Undefined Weak Reference
    _get_lc_time                              - Undefined Weak Reference
    _getenv_init                              - Undefined Weak Reference
    _handle_redirection                       - Undefined Weak Reference
    _init_alloc                               - Undefined Weak Reference
    _init_user_alloc                          - Undefined Weak Reference
    _initio                                   - Undefined Weak Reference
    _rand_init                                - Undefined Weak Reference
    _signal_finish                            - Undefined Weak Reference
    _signal_init                              - Undefined Weak Reference
    _terminate_alloc                          - Undefined Weak Reference
    _terminate_user_alloc                     - Undefined Weak Reference
    _terminateio                              - Undefined Weak Reference
    __Vectors_Size                           0x000001d8   Number         0  startup_stm32g431xx.o ABSOLUTE
    __Vectors                                0x08000000   Data           4  startup_stm32g431xx.o(RESET)
    __Vectors_End                            0x080001d8   Data           0  startup_stm32g431xx.o(RESET)
    __main                                   0x080001d9   Thumb Code     8  __main.o(!!!main)
    __scatterload                            0x080001e1   Thumb Code     0  __scatter.o(!!!scatter)
    __scatterload_rt2                        0x080001e1   Thumb Code    44  __scatter.o(!!!scatter)
    __scatterload_rt2_thumb_only             0x080001e1   Thumb Code     0  __scatter.o(!!!scatter)
    __scatterload_null                       0x080001ef   Thumb Code     0  __scatter.o(!!!scatter)
    __decompress                             0x08000215   Thumb Code    90  __dczerorl2.o(!!dczerorl2)
    __decompress1                            0x08000215   Thumb Code     0  __dczerorl2.o(!!dczerorl2)
    __scatterload_zeroinit                   0x08000271   Thumb Code    28  __scatter_zi.o(!!handler_zi)
    __rt_lib_init                            0x0800028d   Thumb Code     0  libinit.o(.ARM.Collect$$libinit$$00000000)
    __rt_lib_init_fp_1                       0x0800028f   Thumb Code     0  libinit2.o(.ARM.Collect$$libinit$$00000001)
    __rt_lib_init_alloca_1                   0x08000293   Thumb Code     0  libinit2.o(.ARM.Collect$$libinit$$0000002E)
    __rt_lib_init_argv_1                     0x08000293   Thumb Code     0  libinit2.o(.ARM.Collect$$libinit$$0000002C)
    __rt_lib_init_atexit_1                   0x08000293   Thumb Code     0  libinit2.o(.ARM.Collect$$libinit$$0000001B)
    __rt_lib_init_clock_1                    0x08000293   Thumb Code     0  libinit2.o(.ARM.Collect$$libinit$$00000021)
    __rt_lib_init_cpp_1                      0x08000293   Thumb Code     0  libinit2.o(.ARM.Collect$$libinit$$00000032)
    __rt_lib_init_exceptions_1               0x08000293   Thumb Code     0  libinit2.o(.ARM.Collect$$libinit$$00000030)
    __rt_lib_init_fp_trap_1                  0x08000293   Thumb Code     0  libinit2.o(.ARM.Collect$$libinit$$0000001F)
    __rt_lib_init_getenv_1                   0x08000293   Thumb Code     0  libinit2.o(.ARM.Collect$$libinit$$00000023)
    __rt_lib_init_heap_1                     0x08000293   Thumb Code     0  libinit2.o(.ARM.Collect$$libinit$$0000000A)
    __rt_lib_init_lc_collate_1               0x08000293   Thumb Code     0  libinit2.o(.ARM.Collect$$libinit$$00000011)
    __rt_lib_init_lc_ctype_1                 0x08000293   Thumb Code     0  libinit2.o(.ARM.Collect$$libinit$$00000013)
    __rt_lib_init_lc_monetary_1              0x08000293   Thumb Code     0  libinit2.o(.ARM.Collect$$libinit$$00000015)
    __rt_lib_init_lc_numeric_1               0x08000293   Thumb Code     0  libinit2.o(.ARM.Collect$$libinit$$00000017)
    __rt_lib_init_lc_time_1                  0x08000293   Thumb Code     0  libinit2.o(.ARM.Collect$$libinit$$00000019)
    __rt_lib_init_preinit_1                  0x08000293   Thumb Code     0  libinit2.o(.ARM.Collect$$libinit$$00000004)
    __rt_lib_init_rand_1                     0x08000293   Thumb Code     0  libinit2.o(.ARM.Collect$$libinit$$0000000E)
    __rt_lib_init_return                     0x08000293   Thumb Code     0  libinit2.o(.ARM.Collect$$libinit$$00000033)
    __rt_lib_init_signal_1                   0x08000293   Thumb Code     0  libinit2.o(.ARM.Collect$$libinit$$0000001D)
    __rt_lib_init_stdio_1                    0x08000293   Thumb Code     0  libinit2.o(.ARM.Collect$$libinit$$00000025)
    __rt_lib_init_user_alloc_1               0x08000293   Thumb Code     0  libinit2.o(.ARM.Collect$$libinit$$0000000C)
    __rt_lib_shutdown                        0x08000295   Thumb Code     0  libshutdown.o(.ARM.Collect$$libshutdown$$00000000)
    __rt_lib_shutdown_cpp_1                  0x08000297   Thumb Code     0  libshutdown2.o(.ARM.Collect$$libshutdown$$00000004)
    __rt_lib_shutdown_fini_1                 0x08000297   Thumb Code     0  libshutdown2.o(.ARM.Collect$$libshutdown$$00000002)
    __rt_lib_shutdown_fp_trap_1              0x08000297   Thumb Code     0  libshutdown2.o(.ARM.Collect$$libshutdown$$00000009)
    __rt_lib_shutdown_heap_1                 0x08000297   Thumb Code     0  libshutdown2.o(.ARM.Collect$$libshutdown$$00000011)
    __rt_lib_shutdown_return                 0x08000297   Thumb Code     0  libshutdown2.o(.ARM.Collect$$libshutdown$$00000012)
    __rt_lib_shutdown_signal_1               0x08000297   Thumb Code     0  libshutdown2.o(.ARM.Collect$$libshutdown$$0000000C)
    __rt_lib_shutdown_stdio_1                0x08000297   Thumb Code     0  libshutdown2.o(.ARM.Collect$$libshutdown$$00000006)
    __rt_lib_shutdown_user_alloc_1           0x08000297   Thumb Code     0  libshutdown2.o(.ARM.Collect$$libshutdown$$0000000E)
    __rt_entry                               0x08000299   Thumb Code     0  __rtentry.o(.ARM.Collect$$rtentry$$00000000)
    __rt_entry_presh_1                       0x08000299   Thumb Code     0  __rtentry2.o(.ARM.Collect$$rtentry$$00000002)
    __rt_entry_sh                            0x08000299   Thumb Code     0  __rtentry4.o(.ARM.Collect$$rtentry$$00000004)
    __rt_entry_li                            0x0800029f   Thumb Code     0  __rtentry2.o(.ARM.Collect$$rtentry$$0000000A)
    __rt_entry_postsh_1                      0x0800029f   Thumb Code     0  __rtentry2.o(.ARM.Collect$$rtentry$$00000009)
    __rt_entry_main                          0x080002a3   Thumb Code     0  __rtentry2.o(.ARM.Collect$$rtentry$$0000000D)
    __rt_entry_postli_1                      0x080002a3   Thumb Code     0  __rtentry2.o(.ARM.Collect$$rtentry$$0000000C)
    __rt_exit                                0x080002ab   Thumb Code     0  rtexit.o(.ARM.Collect$$rtexit$$00000000)
    __rt_exit_ls                             0x080002ad   Thumb Code     0  rtexit2.o(.ARM.Collect$$rtexit$$00000003)
    __rt_exit_prels_1                        0x080002ad   Thumb Code     0  rtexit2.o(.ARM.Collect$$rtexit$$00000002)
    __rt_exit_exit                           0x080002b1   Thumb Code     0  rtexit2.o(.ARM.Collect$$rtexit$$00000004)
    Reset_Handler                            0x080002b9   Thumb Code     8  startup_stm32g431xx.o(.text)
    COMP1_2_3_IRQHandler                     0x080002d3   Thumb Code     0  startup_stm32g431xx.o(.text)
    COMP4_IRQHandler                         0x080002d3   Thumb Code     0  startup_stm32g431xx.o(.text)
    CORDIC_IRQHandler                        0x080002d3   Thumb Code     0  startup_stm32g431xx.o(.text)
    CRS_IRQHandler                           0x080002d3   Thumb Code     0  startup_stm32g431xx.o(.text)
    DMA1_Channel3_IRQHandler                 0x080002d3   Thumb Code     0  startup_stm32g431xx.o(.text)
    DMA1_Channel4_IRQHandler                 0x080002d3   Thumb Code     0  startup_stm32g431xx.o(.text)
    DMA1_Channel5_IRQHandler                 0x080002d3   Thumb Code     0  startup_stm32g431xx.o(.text)
    DMA1_Channel6_IRQHandler                 0x080002d3   Thumb Code     0  startup_stm32g431xx.o(.text)
    DMA2_Channel3_IRQHandler                 0x080002d3   Thumb Code     0  startup_stm32g431xx.o(.text)
    DMA2_Channel4_IRQHandler                 0x080002d3   Thumb Code     0  startup_stm32g431xx.o(.text)
    DMA2_Channel5_IRQHandler                 0x080002d3   Thumb Code     0  startup_stm32g431xx.o(.text)
    DMA2_Channel6_IRQHandler                 0x080002d3   Thumb Code     0  startup_stm32g431xx.o(.text)
    DMAMUX_OVR_IRQHandler                    0x080002d3   Thumb Code     0  startup_stm32g431xx.o(.text)
    EXTI0_IRQHandler                         0x080002d3   Thumb Code     0  startup_stm32g431xx.o(.text)
    EXTI15_10_IRQHandler                     0x080002d3   Thumb Code     0  startup_stm32g431xx.o(.text)
    EXTI1_IRQHandler                         0x080002d3   Thumb Code     0  startup_stm32g431xx.o(.text)
    EXTI3_IRQHandler                         0x080002d3   Thumb Code     0  startup_stm32g431xx.o(.text)
    EXTI4_IRQHandler                         0x080002d3   Thumb Code     0  startup_stm32g431xx.o(.text)
    EXTI9_5_IRQHandler                       0x080002d3   Thumb Code     0  startup_stm32g431xx.o(.text)
    FDCAN1_IT0_IRQHandler                    0x080002d3   Thumb Code     0  startup_stm32g431xx.o(.text)
    FDCAN1_IT1_IRQHandler                    0x080002d3   Thumb Code     0  startup_stm32g431xx.o(.text)
    FLASH_IRQHandler                         0x080002d3   Thumb Code     0  startup_stm32g431xx.o(.text)
    FMAC_IRQHandler                          0x080002d3   Thumb Code     0  startup_stm32g431xx.o(.text)
    FPU_IRQHandler                           0x080002d3   Thumb Code     0  startup_stm32g431xx.o(.text)
    I2C1_ER_IRQHandler                       0x080002d3   Thumb Code     0  startup_stm32g431xx.o(.text)
    I2C1_EV_IRQHandler                       0x080002d3   Thumb Code     0  startup_stm32g431xx.o(.text)
    I2C2_ER_IRQHandler                       0x080002d3   Thumb Code     0  startup_stm32g431xx.o(.text)
    I2C2_EV_IRQHandler                       0x080002d3   Thumb Code     0  startup_stm32g431xx.o(.text)
    I2C3_ER_IRQHandler                       0x080002d3   Thumb Code     0  startup_stm32g431xx.o(.text)
    I2C3_EV_IRQHandler                       0x080002d3   Thumb Code     0  startup_stm32g431xx.o(.text)
    LPTIM1_IRQHandler                        0x080002d3   Thumb Code     0  startup_stm32g431xx.o(.text)
    LPUART1_IRQHandler                       0x080002d3   Thumb Code     0  startup_stm32g431xx.o(.text)
    PVD_PVM_IRQHandler                       0x080002d3   Thumb Code     0  startup_stm32g431xx.o(.text)
    RCC_IRQHandler                           0x080002d3   Thumb Code     0  startup_stm32g431xx.o(.text)
    RNG_IRQHandler                           0x080002d3   Thumb Code     0  startup_stm32g431xx.o(.text)
    RTC_Alarm_IRQHandler                     0x080002d3   Thumb Code     0  startup_stm32g431xx.o(.text)
    RTC_TAMP_LSECSS_IRQHandler               0x080002d3   Thumb Code     0  startup_stm32g431xx.o(.text)
    RTC_WKUP_IRQHandler                      0x080002d3   Thumb Code     0  startup_stm32g431xx.o(.text)
    SAI1_IRQHandler                          0x080002d3   Thumb Code     0  startup_stm32g431xx.o(.text)
    SPI1_IRQHandler                          0x080002d3   Thumb Code     0  startup_stm32g431xx.o(.text)
    SPI2_IRQHandler                          0x080002d3   Thumb Code     0  startup_stm32g431xx.o(.text)
    SPI3_IRQHandler                          0x080002d3   Thumb Code     0  startup_stm32g431xx.o(.text)
    TIM1_BRK_TIM15_IRQHandler                0x080002d3   Thumb Code     0  startup_stm32g431xx.o(.text)
    TIM1_CC_IRQHandler                       0x080002d3   Thumb Code     0  startup_stm32g431xx.o(.text)
    TIM1_TRG_COM_TIM17_IRQHandler            0x080002d3   Thumb Code     0  startup_stm32g431xx.o(.text)
    TIM1_UP_TIM16_IRQHandler                 0x080002d3   Thumb Code     0  startup_stm32g431xx.o(.text)
    TIM2_IRQHandler                          0x080002d3   Thumb Code     0  startup_stm32g431xx.o(.text)
    TIM3_IRQHandler                          0x080002d3   Thumb Code     0  startup_stm32g431xx.o(.text)
    TIM4_IRQHandler                          0x080002d3   Thumb Code     0  startup_stm32g431xx.o(.text)
    TIM6_DAC_IRQHandler                      0x080002d3   Thumb Code     0  startup_stm32g431xx.o(.text)
    TIM7_IRQHandler                          0x080002d3   Thumb Code     0  startup_stm32g431xx.o(.text)
    TIM8_BRK_IRQHandler                      0x080002d3   Thumb Code     0  startup_stm32g431xx.o(.text)
    TIM8_CC_IRQHandler                       0x080002d3   Thumb Code     0  startup_stm32g431xx.o(.text)
    TIM8_TRG_COM_IRQHandler                  0x080002d3   Thumb Code     0  startup_stm32g431xx.o(.text)
    TIM8_UP_IRQHandler                       0x080002d3   Thumb Code     0  startup_stm32g431xx.o(.text)
    UART4_IRQHandler                         0x080002d3   Thumb Code     0  startup_stm32g431xx.o(.text)
    UCPD1_IRQHandler                         0x080002d3   Thumb Code     0  startup_stm32g431xx.o(.text)
    USART1_IRQHandler                        0x080002d3   Thumb Code     0  startup_stm32g431xx.o(.text)
    USART2_IRQHandler                        0x080002d3   Thumb Code     0  startup_stm32g431xx.o(.text)
    USART3_IRQHandler                        0x080002d3   Thumb Code     0  startup_stm32g431xx.o(.text)
    USBWakeUp_IRQHandler                     0x080002d3   Thumb Code     0  startup_stm32g431xx.o(.text)
    USB_HP_IRQHandler                        0x080002d3   Thumb Code     0  startup_stm32g431xx.o(.text)
    WWDG_IRQHandler                          0x080002d3   Thumb Code     0  startup_stm32g431xx.o(.text)
    __user_initial_stackheap                 0x080002d5   Thumb Code     0  startup_stm32g431xx.o(.text)
    __aeabi_uldivmod                         0x080002f9   Thumb Code     0  lludivv7m.o(.text)
    _ll_udiv                                 0x080002f9   Thumb Code   238  lludivv7m.o(.text)
    __aeabi_memclr4                          0x080003e7   Thumb Code     0  rt_memclr_w.o(.text)
    __aeabi_memclr8                          0x080003e7   Thumb Code     0  rt_memclr_w.o(.text)
    __rt_memclr_w                            0x080003e7   Thumb Code    78  rt_memclr_w.o(.text)
    _memset_w                                0x080003eb   Thumb Code     0  rt_memclr_w.o(.text)
    __use_two_region_memory                  0x08000435   Thumb Code     2  heapauxi.o(.text)
    __rt_heap_escrow$2region                 0x08000437   Thumb Code     2  heapauxi.o(.text)
    __rt_heap_expand$2region                 0x08000439   Thumb Code     2  heapauxi.o(.text)
    __user_setup_stackheap                   0x0800043b   Thumb Code    74  sys_stackheap_outer.o(.text)
    exit                                     0x08000485   Thumb Code    18  exit.o(.text)
    __user_libspace                          0x08000499   Thumb Code     8  libspace.o(.text)
    __user_perproc_libspace                  0x08000499   Thumb Code     0  libspace.o(.text)
    __user_perthread_libspace                0x08000499   Thumb Code     0  libspace.o(.text)
    _sys_exit                                0x080004a1   Thumb Code     8  sys_exit.o(.text)
    __I$use$semihosting                      0x080004ad   Thumb Code     0  use_no_semi.o(.text)
    __use_no_semihosting_swi                 0x080004ad   Thumb Code     2  use_no_semi.o(.text)
    ADC1_2_IRQHandler                        0x080004af   Thumb Code    50  stm32g4xx_it.o(i.ADC1_2_IRQHandler)
    __semihosting_library_function           0x080004af   Thumb Code     0  indicate_semi.o(.text)
    Abc_AlphaBeta_Trans                      0x080004e1   Thumb Code    30  mcmath.o(i.Abc_AlphaBeta_Trans)
    AbsEncoderCalculateRealEleAngle          0x08000505   Thumb Code    86  mcsensor.o(i.AbsEncoderCalculateRealEleAngle)
    AlphaBeta_Dq_Trans                       0x08000575   Thumb Code    34  mcmath.o(i.AlphaBeta_Dq_Trans)
    BPF_2stOrder_1in_1out_Calculate          0x08000597   Thumb Code    62  mcdigitalfilter.o(i.BPF_2stOrder_1in_1out_Calculate)
    BPF_2stOrder_1in_1out_SetPar             0x080005d5   Thumb Code    22  mcdigitalfilter.o(i.BPF_2stOrder_1in_1out_SetPar)
    BusFault_Handler                         0x080005f1   Thumb Code     2  stm32g4xx_it.o(i.BusFault_Handler)
    CDC_Transmit_FS                          0x0800063d   Thumb Code    40  usbd_cdc_if.o(i.CDC_Transmit_FS)
    CalculateSinCosValue                     0x08000669   Thumb Code     4  mcmath.o(i.CalculateSinCosValue)
    DMA1_Channel1_IRQHandler                 0x0800066d   Thumb Code     2  stm32g4xx_it.o(i.DMA1_Channel1_IRQHandler)
    DMA1_Channel2_IRQHandler                 0x0800066f   Thumb Code     2  stm32g4xx_it.o(i.DMA1_Channel2_IRQHandler)
    DMA2_Channel1_IRQHandler                 0x08000671   Thumb Code     2  stm32g4xx_it.o(i.DMA2_Channel1_IRQHandler)
    DMA2_Channel2_IRQHandler                 0x08000673   Thumb Code     2  stm32g4xx_it.o(i.DMA2_Channel2_IRQHandler)
    DebugMon_Handler                         0x08000675   Thumb Code     2  stm32g4xx_it.o(i.DebugMon_Handler)
    Dq_AlphaBeta_Trans                       0x08000677   Thumb Code    34  mcmath.o(i.Dq_AlphaBeta_Trans)
    EXTI2_IRQHandler                         0x08000699   Thumb Code    58  stm32g4xx_it.o(i.EXTI2_IRQHandler)
    Error_Handler                            0x080006dd   Thumb Code     4  main.o(i.Error_Handler)
    FOC_Method_HFPI_WithoutNS                0x080006e1   Thumb Code   482  mctask.o(i.FOC_Method_HFPI_WithoutNS)
    FOC_Method_HFSI_WithoutNS                0x08000921   Thumb Code   412  mctask.o(i.FOC_Method_HFSI_WithoutNS)
    FOC_Method_IF_Luenberger                 0x08000aed   Thumb Code   612  mctask.o(i.FOC_Method_IF_Luenberger)
    FOC_Method_IF_Luenberger_Debug           0x08000d79   Thumb Code   986  mctask.o(i.FOC_Method_IF_Luenberger_Debug)
    FOC_Method_IncABZ                        0x0800118d   Thumb Code   484  mctask.o(i.FOC_Method_IncABZ)
    FOC_Method_NonlinearFlux                 0x08001399   Thumb Code   316  mctask.o(i.FOC_Method_NonlinearFlux)
    FOC_Method_NonlinearFlux_Debug           0x080014f9   Thumb Code   566  mctask.o(i.FOC_Method_NonlinearFlux_Debug)
    FOC_Method_ParIdentify                   0x0800175d   Thumb Code   316  mctask.o(i.FOC_Method_ParIdentify)
    FastReciprocalSquareRoot                 0x080018bd   Thumb Code     4  mcmath.o(i.FastReciprocalSquareRoot)
    FastSquareRoot                           0x080018c1   Thumb Code     4  mcmath.o(i.FastSquareRoot)
    HAL_IncTick                              0x080018c5   Thumb Code    12  stm32g4xx_hal.o(i.HAL_IncTick)
    HAL_Init                                 0x080018d5   Thumb Code    30  stm32g4xx_hal.o(i.HAL_Init)
    HAL_InitTick                             0x080018f5   Thumb Code    58  stm32g4xx_hal.o(i.HAL_InitTick)
    HAL_MspInit                              0x08001939   Thumb Code    54  stm32g4xx_hal_msp.o(i.HAL_MspInit)
    HAL_NVIC_EnableIRQ                       0x08001975   Thumb Code    30  stm32g4xx_hal_cortex.o(i.HAL_NVIC_EnableIRQ)
    HAL_NVIC_SetPriority                     0x08001995   Thumb Code    96  stm32g4xx_hal_cortex.o(i.HAL_NVIC_SetPriority)
    HAL_NVIC_SetPriorityGrouping             0x080019f9   Thumb Code    30  stm32g4xx_hal_cortex.o(i.HAL_NVIC_SetPriorityGrouping)
    HAL_PCDEx_ActivateLPM                    0x08001a1d   Thumb Code    42  stm32g4xx_hal_pcd_ex.o(i.HAL_PCDEx_ActivateLPM)
    HAL_PCDEx_LPM_Callback                   0x08001a49   Thumb Code    68  usbd_conf.o(i.HAL_PCDEx_LPM_Callback)
    HAL_PCDEx_PMAConfig                      0x08001a91   Thumb Code    52  stm32g4xx_hal_pcd_ex.o(i.HAL_PCDEx_PMAConfig)
    HAL_PCD_DataInStageCallback              0x08001ac5   Thumb Code    18  usbd_conf.o(i.HAL_PCD_DataInStageCallback)
    HAL_PCD_DataOutStageCallback             0x08001ad7   Thumb Code    20  usbd_conf.o(i.HAL_PCD_DataOutStageCallback)
    HAL_PCD_EP_Close                         0x08001aeb   Thumb Code    76  stm32g4xx_hal_pcd.o(i.HAL_PCD_EP_Close)
    HAL_PCD_EP_ClrStall                      0x08001b37   Thumb Code    92  stm32g4xx_hal_pcd.o(i.HAL_PCD_EP_ClrStall)
    HAL_PCD_EP_GetRxCount                    0x08001b93   Thumb Code    18  stm32g4xx_hal_pcd.o(i.HAL_PCD_EP_GetRxCount)
    HAL_PCD_EP_Open                          0x08001ba5   Thumb Code    94  stm32g4xx_hal_pcd.o(i.HAL_PCD_EP_Open)
    HAL_PCD_EP_Receive                       0x08001c03   Thumb Code    46  stm32g4xx_hal_pcd.o(i.HAL_PCD_EP_Receive)
    HAL_PCD_EP_SetStall                      0x08001c31   Thumb Code    92  stm32g4xx_hal_pcd.o(i.HAL_PCD_EP_SetStall)
    HAL_PCD_EP_Transmit                      0x08001c8d   Thumb Code    46  stm32g4xx_hal_pcd.o(i.HAL_PCD_EP_Transmit)
    HAL_PCD_IRQHandler                       0x08001cbb   Thumb Code   400  stm32g4xx_hal_pcd.o(i.HAL_PCD_IRQHandler)
    HAL_PCD_Init                             0x08001e4b   Thumb Code   138  stm32g4xx_hal_pcd.o(i.HAL_PCD_Init)
    HAL_PCD_MspInit                          0x08001ed5   Thumb Code    66  usbd_conf.o(i.HAL_PCD_MspInit)
    HAL_PCD_ResetCallback                    0x08001f1d   Thumb Code    38  usbd_conf.o(i.HAL_PCD_ResetCallback)
    HAL_PCD_ResumeCallback                   0x08001f45   Thumb Code    34  usbd_conf.o(i.HAL_PCD_ResumeCallback)
    HAL_PCD_SOFCallback                      0x08001f6d   Thumb Code     8  usbd_conf.o(i.HAL_PCD_SOFCallback)
    HAL_PCD_SetAddress                       0x08001f75   Thumb Code    38  stm32g4xx_hal_pcd.o(i.HAL_PCD_SetAddress)
    HAL_PCD_SetupStageCallback               0x08001f9b   Thumb Code    14  usbd_conf.o(i.HAL_PCD_SetupStageCallback)
    HAL_PCD_Start                            0x08001fa9   Thumb Code    42  stm32g4xx_hal_pcd.o(i.HAL_PCD_Start)
    HAL_PCD_SuspendCallback                  0x08001fd5   Thumb Code    32  usbd_conf.o(i.HAL_PCD_SuspendCallback)
    HAL_PWREx_DisableUCPDDeadBattery         0x08001ff9   Thumb Code    12  stm32g4xx_hal_pwr_ex.o(i.HAL_PWREx_DisableUCPDDeadBattery)
    HAL_SYSCFG_DisableVREFBUF                0x08002009   Thumb Code    12  stm32g4xx_hal.o(i.HAL_SYSCFG_DisableVREFBUF)
    HAL_SYSCFG_VREFBUF_HighImpedanceConfig   0x08002019   Thumb Code    14  stm32g4xx_hal.o(i.HAL_SYSCFG_VREFBUF_HighImpedanceConfig)
    HAL_SYSTICK_Config                       0x0800202d   Thumb Code    38  stm32g4xx_hal_cortex.o(i.HAL_SYSTICK_Config)
    HFPISensorlessObserver                   0x08002059   Thumb Code   342  mclvsensorless.o(i.HFPISensorlessObserver)
    HFPI_BPF0_2stOrder_1in_1out_SetPar       0x080021d9   Thumb Code    58  mclvsensorless.o(i.HFPI_BPF0_2stOrder_1in_1out_SetPar)
    HFPI_BPF1_2stOrder_1in_1out_SetPar       0x0800221d   Thumb Code     6  mclvsensorless.o(i.HFPI_BPF1_2stOrder_1in_1out_SetPar)
    HFPI_LPF_2stOrder_1in_1out_SetPar        0x08002229   Thumb Code    58  mclvsensorless.o(i.HFPI_LPF_2stOrder_1in_1out_SetPar)
    HFSISensorlessObserver                   0x0800226d   Thumb Code   370  mclvsensorless.o(i.HFSISensorlessObserver)
    HardFault_Handler                        0x080023f5   Thumb Code     2  stm32g4xx_it.o(i.HardFault_Handler)
    Hardware_FastReciprocalSquareRoot        0x080023f7   Thumb Code    14  mcconfig.o(i.Hardware_FastReciprocalSquareRoot)
    Hardware_FastSquareRoot                  0x08002405   Thumb Code     6  mcconfig.o(i.Hardware_FastSquareRoot)
    Hardware_GetABZCounter                   0x0800240d   Thumb Code     6  mcconfig.o(i.Hardware_GetABZCounter)
    Hardware_GetAbsCounter                   0x08002419   Thumb Code    26  mcconfig.o(i.Hardware_GetAbsCounter)
    Hardware_GetBusVoltage                   0x08002439   Thumb Code   110  mcconfig.o(i.Hardware_GetBusVoltage)
    Hardware_GetPulseCounter                 0x080024b9   Thumb Code     6  mcconfig.o(i.Hardware_GetPulseCounter)
    Hardware_GetSinCosVal                    0x080024c5   Thumb Code    62  mcconfig.o(i.Hardware_GetSinCosVal)
    Hardware_MCStartOrStop                   0x08002515   Thumb Code    48  mcconfig.o(i.Hardware_MCStartOrStop)
    Hardware_PerformanceTaskEvent            0x0800254d   Thumb Code    64  mcconfig.o(i.Hardware_PerformanceTaskEvent)
    Hardware_SafatyTaskEvent                 0x080025a1   Thumb Code   394  mcconfig.o(i.Hardware_SafatyTaskEvent)
    Hardware_SetABZCounter                   0x08002761   Thumb Code     6  mcconfig.o(i.Hardware_SetABZCounter)
    Hardware_SetCCR                          0x0800276d   Thumb Code    10  mcconfig.o(i.Hardware_SetCCR)
    Hardware_SetPulseCounter                 0x0800277d   Thumb Code     6  mcconfig.o(i.Hardware_SetPulseCounter)
    Hardware_StartPWM                        0x08002789   Thumb Code    66  mcconfig.o(i.Hardware_StartPWM)
    Hardware_StopPWM                         0x080027d5   Thumb Code    66  mcconfig.o(i.Hardware_StopPWM)
    Harware_GetCurrentAB                     0x08002821   Thumb Code    86  mcconfig.o(i.Harware_GetCurrentAB)
    IdCurrentPIController                    0x08002891   Thumb Code   116  mctask.o(i.IdCurrentPIController)
    IncAbzCalculateRealEleAngle              0x0800292d   Thumb Code    48  mcsensor.o(i.IncAbzCalculateRealEleAngle)
    IncAbzCalculateRealEleSpeed              0x08002961   Thumb Code   288  mcsensor.o(i.IncAbzCalculateRealEleSpeed)
    IqCurrentPIController                    0x08002aa1   Thumb Code   116  mctask.o(i.IqCurrentPIController)
    LL_ADC_CommonInit                        0x08002b3d   Thumb Code    80  stm32g4xx_ll_adc.o(i.LL_ADC_CommonInit)
    LL_ADC_INJ_Init                          0x08002b91   Thumb Code    82  stm32g4xx_ll_adc.o(i.LL_ADC_INJ_Init)
    LL_ADC_Init                              0x08002be3   Thumb Code    50  stm32g4xx_ll_adc.o(i.LL_ADC_Init)
    LL_ADC_REG_Init                          0x08002c15   Thumb Code   104  stm32g4xx_ll_adc.o(i.LL_ADC_REG_Init)
    LL_COMP_Init                             0x08002c81   Thumb Code    60  stm32g4xx_ll_comp.o(i.LL_COMP_Init)
    LL_DAC_Init                              0x08002cc1   Thumb Code   216  stm32g4xx_ll_dac.o(i.LL_DAC_Init)
    LL_EXTI_Init                             0x08002d99   Thumb Code   418  stm32g4xx_ll_exti.o(i.LL_EXTI_Init)
    LL_GPIO_Init                             0x08002f4d   Thumb Code   338  stm32g4xx_ll_gpio.o(i.LL_GPIO_Init)
    LL_I2C_Init                              0x0800309f   Thumb Code   110  stm32g4xx_ll_i2c.o(i.LL_I2C_Init)
    LL_RCC_GetUARTClockFreq                  0x0800310d   Thumb Code   120  stm32g4xx_ll_rcc.o(i.LL_RCC_GetUARTClockFreq)
    LL_RCC_GetUSARTClockFreq                 0x08003195   Thumb Code   278  stm32g4xx_ll_rcc.o(i.LL_RCC_GetUSARTClockFreq)
    LL_SPI_Init                              0x080032bd   Thumb Code   122  stm32g4xx_ll_spi.o(i.LL_SPI_Init)
    LL_SetSystemCoreClock                    0x08003339   Thumb Code     6  stm32g4xx_ll_utils.o(i.LL_SetSystemCoreClock)
    LL_TIM_BDTR_Init                         0x08003345   Thumb Code   120  stm32g4xx_ll_tim.o(i.LL_TIM_BDTR_Init)
    LL_TIM_Init                              0x080033bd   Thumb Code   148  stm32g4xx_ll_tim.o(i.LL_TIM_Init)
    LL_TIM_OC_Init                           0x0800346d   Thumb Code   832  stm32g4xx_ll_tim.o(i.LL_TIM_OC_Init)
    LL_USART_Init                            0x080037c1   Thumb Code   232  stm32g4xx_ll_usart.o(i.LL_USART_Init)
    LPF_2stOrder_1in_1out_Calculate          0x080038b1   Thumb Code    62  mcdigitalfilter.o(i.LPF_2stOrder_1in_1out_Calculate)
    LPF_2stOrder_1in_1out_SetPar             0x080038f1   Thumb Code    22  mcdigitalfilter.o(i.LPF_2stOrder_1in_1out_SetPar)
    LuenbergerObs                            0x0800390d   Thumb Code   276  mchvsensorless.o(i.LuenbergerObs)
    MCParIdentify_Rs_Ls                      0x08003a35   Thumb Code   590  mcparidentify.o(i.MCParIdentify_Rs_Ls)
    MX_USB_Device_Init                       0x08004265   Thumb Code    72  usb_device.o(i.MX_USB_Device_Init)
    MedianFilter                             0x080042bd   Thumb Code    94  mcmath.o(i.MedianFilter)
    MemManage_Handler                        0x08004321   Thumb Code     2  stm32g4xx_it.o(i.MemManage_Handler)
    NMI_Handler                              0x08004323   Thumb Code     2  stm32g4xx_it.o(i.NMI_Handler)
    NonlinearFluxObsProcess                  0x08004325   Thumb Code   286  mchvsensorless.o(i.NonlinearFluxObsProcess)
    PendSV_Handler                           0x08004cbf   Thumb Code     2  stm32g4xx_it.o(i.PendSV_Handler)
    PerformanceCriticalTask                  0x08004cc1   Thumb Code   246  mctask.o(i.PerformanceCriticalTask)
    SEGGER_RTT_Init                          0x08004e2d   Thumb Code     4  segger_rtt.o(i.SEGGER_RTT_Init)
    SVC_Handler                              0x08004e31   Thumb Code     2  stm32g4xx_it.o(i.SVC_Handler)
    SafetyTask                               0x08004e35   Thumb Code   426  mctask.o(i.SafetyTask)
    SectorCalModeSvpwm                       0x0800500d   Thumb Code   548  mctask.o(i.SectorCalModeSvpwm)
    SpeedPIController                        0x08005241   Thumb Code   120  mctask.o(i.SpeedPIController)
    SysTick_Handler                          0x080052e5   Thumb Code    14  stm32g4xx_it.o(i.SysTick_Handler)
    SystemClock_Config                       0x080052f5   Thumb Code   228  main.o(i.SystemClock_Config)
    SystemInit                               0x080053f5   Thumb Code    12  system_stm32g4xx.o(i.SystemInit)
    USBD_CDC_ConfigStrDescriptor             0x08005405   Thumb Code    16  usbd_desc.o(i.USBD_CDC_ConfigStrDescriptor)
    USBD_CDC_DeviceDescriptor                0x080054fd   Thumb Code     8  usbd_desc.o(i.USBD_CDC_DeviceDescriptor)
    USBD_CDC_GetDeviceQualifierDescriptor    0x0800553d   Thumb Code     8  usbd_cdc.o(i.USBD_CDC_GetDeviceQualifierDescriptor)
    USBD_CDC_InterfaceStrDescriptor          0x0800562d   Thumb Code    16  usbd_desc.o(i.USBD_CDC_InterfaceStrDescriptor)
    USBD_CDC_LangIDStrDescriptor             0x08005651   Thumb Code     8  usbd_desc.o(i.USBD_CDC_LangIDStrDescriptor)
    USBD_CDC_ManufacturerStrDescriptor       0x0800565d   Thumb Code    16  usbd_desc.o(i.USBD_CDC_ManufacturerStrDescriptor)
    USBD_CDC_ProductStrDescriptor            0x08005685   Thumb Code    16  usbd_desc.o(i.USBD_CDC_ProductStrDescriptor)
    USBD_CDC_ReceivePacket                   0x080056b1   Thumb Code    48  usbd_cdc.o(i.USBD_CDC_ReceivePacket)
    USBD_CDC_RegisterInterface               0x080056e1   Thumb Code    14  usbd_cdc.o(i.USBD_CDC_RegisterInterface)
    USBD_CDC_SerialStrDescriptor             0x080056f1   Thumb Code   116  usbd_desc.o(i.USBD_CDC_SerialStrDescriptor)
    USBD_CDC_SetRxBuffer                     0x08005775   Thumb Code    18  usbd_cdc.o(i.USBD_CDC_SetRxBuffer)
    USBD_CDC_SetTxBuffer                     0x08005787   Thumb Code    24  usbd_cdc.o(i.USBD_CDC_SetTxBuffer)
    USBD_CDC_TransmitPacket                  0x0800586d   Thumb Code    54  usbd_cdc.o(i.USBD_CDC_TransmitPacket)
    USBD_ClrClassConfig                      0x080058a3   Thumb Code    18  usbd_core.o(i.USBD_ClrClassConfig)
    USBD_CtlContinueRx                       0x080058b5   Thumb Code    16  usbd_ioreq.o(i.USBD_CtlContinueRx)
    USBD_CtlContinueSendData                 0x080058c5   Thumb Code    16  usbd_ioreq.o(i.USBD_CtlContinueSendData)
    USBD_CtlError                            0x080058d5   Thumb Code    22  usbd_ctlreq.o(i.USBD_CtlError)
    USBD_CtlPrepareRx                        0x080058eb   Thumb Code    30  usbd_ioreq.o(i.USBD_CtlPrepareRx)
    USBD_CtlReceiveStatus                    0x08005909   Thumb Code    22  usbd_ioreq.o(i.USBD_CtlReceiveStatus)
    USBD_CtlSendData                         0x0800591f   Thumb Code    26  usbd_ioreq.o(i.USBD_CtlSendData)
    USBD_CtlSendStatus                       0x08005939   Thumb Code    22  usbd_ioreq.o(i.USBD_CtlSendStatus)
    USBD_GetString                           0x08005951   Thumb Code   104  usbd_ctlreq.o(i.USBD_GetString)
    USBD_Init                                0x080059b9   Thumb Code    42  usbd_core.o(i.USBD_Init)
    USBD_LL_ClearStallEP                     0x080059e3   Thumb Code    36  usbd_conf.o(i.USBD_LL_ClearStallEP)
    USBD_LL_CloseEP                          0x08005a07   Thumb Code    36  usbd_conf.o(i.USBD_LL_CloseEP)
    USBD_LL_DataInStage                      0x08005a2b   Thumb Code   184  usbd_core.o(i.USBD_LL_DataInStage)
    USBD_LL_DataOutStage                     0x08005ae3   Thumb Code   112  usbd_core.o(i.USBD_LL_DataOutStage)
    USBD_LL_GetRxDataSize                    0x08005b53   Thumb Code     8  usbd_conf.o(i.USBD_LL_GetRxDataSize)
    USBD_LL_Init                             0x08005b5d   Thumb Code   130  usbd_conf.o(i.USBD_LL_Init)
    USBD_LL_IsStallEP                        0x08005be9   Thumb Code    30  usbd_conf.o(i.USBD_LL_IsStallEP)
    USBD_LL_OpenEP                           0x08005c07   Thumb Code    42  usbd_conf.o(i.USBD_LL_OpenEP)
    USBD_LL_PrepareReceive                   0x08005c31   Thumb Code    36  usbd_conf.o(i.USBD_LL_PrepareReceive)
    USBD_LL_Reset                            0x08005c55   Thumb Code    98  usbd_core.o(i.USBD_LL_Reset)
    USBD_LL_Resume                           0x08005cb7   Thumb Code    20  usbd_core.o(i.USBD_LL_Resume)
    USBD_LL_SOF                              0x08005ccb   Thumb Code    34  usbd_core.o(i.USBD_LL_SOF)
    USBD_LL_SetSpeed                         0x08005ced   Thumb Code     6  usbd_core.o(i.USBD_LL_SetSpeed)
    USBD_LL_SetUSBAddress                    0x08005cf3   Thumb Code    36  usbd_conf.o(i.USBD_LL_SetUSBAddress)
    USBD_LL_SetupStage                       0x08005d17   Thumb Code   100  usbd_core.o(i.USBD_LL_SetupStage)
    USBD_LL_StallEP                          0x08005d7b   Thumb Code    36  usbd_conf.o(i.USBD_LL_StallEP)
    USBD_LL_Start                            0x08005d9f   Thumb Code    36  usbd_conf.o(i.USBD_LL_Start)
    USBD_LL_Suspend                          0x08005dc3   Thumb Code    18  usbd_core.o(i.USBD_LL_Suspend)
    USBD_LL_Transmit                         0x08005dd5   Thumb Code    36  usbd_conf.o(i.USBD_LL_Transmit)
    USBD_ParseSetupRequest                   0x08005df9   Thumb Code    46  usbd_ctlreq.o(i.USBD_ParseSetupRequest)
    USBD_RegisterClass                       0x08005e27   Thumb Code    38  usbd_core.o(i.USBD_RegisterClass)
    USBD_SetClassConfig                      0x08005e4d   Thumb Code    20  usbd_core.o(i.USBD_SetClassConfig)
    USBD_Start                               0x08005e61   Thumb Code     4  usbd_core.o(i.USBD_Start)
    USBD_StdDevReq                           0x08005e65   Thumb Code   756  usbd_ctlreq.o(i.USBD_StdDevReq)
    USBD_StdEPReq                            0x0800615d   Thumb Code   364  usbd_ctlreq.o(i.USBD_StdEPReq)
    USBD_StdItfReq                           0x080062c9   Thumb Code    88  usbd_ctlreq.o(i.USBD_StdItfReq)
    USBD_static_free                         0x08006321   Thumb Code     2  usbd_conf.o(i.USBD_static_free)
    USBD_static_malloc                       0x08006325   Thumb Code     4  usbd_conf.o(i.USBD_static_malloc)
    USB_ActivateEndpoint                     0x0800632d   Thumb Code   758  stm32g4xx_ll_usb.o(i.USB_ActivateEndpoint)
    USB_DeactivateEndpoint                   0x08006625   Thumb Code   362  stm32g4xx_ll_usb.o(i.USB_DeactivateEndpoint)
    USB_DevConnect                           0x0800678f   Thumb Code    16  stm32g4xx_ll_usb.o(i.USB_DevConnect)
    USB_DevInit                              0x0800679f   Thumb Code    24  stm32g4xx_ll_usb.o(i.USB_DevInit)
    USB_DisableGlobalInt                     0x080067b7   Thumb Code    20  stm32g4xx_ll_usb.o(i.USB_DisableGlobalInt)
    USB_EPClearStall                         0x080067cb   Thumb Code   144  stm32g4xx_ll_usb.o(i.USB_EPClearStall)
    USB_EPSetStall                           0x0800685b   Thumb Code    52  stm32g4xx_ll_usb.o(i.USB_EPSetStall)
    USB_EPStartXfer                          0x08006891   Thumb Code  1786  stm32g4xx_ll_usb.o(i.USB_EPStartXfer)
    USB_EnableGlobalInt                      0x08006f8b   Thumb Code    18  stm32g4xx_ll_usb.o(i.USB_EnableGlobalInt)
    USB_LP_IRQHandler                        0x08006f9d   Thumb Code     6  stm32g4xx_it.o(i.USB_LP_IRQHandler)
    USB_ReadInterrupts                       0x08006fa9   Thumb Code     6  stm32g4xx_ll_usb.o(i.USB_ReadInterrupts)
    USB_ReadPMA                              0x08006faf   Thumb Code    44  stm32g4xx_ll_usb.o(i.USB_ReadPMA)
    USB_SetDevAddress                        0x08006fdb   Thumb Code    14  stm32g4xx_ll_usb.o(i.USB_SetDevAddress)
    USB_WritePMA                             0x08006fe9   Thumb Code    38  stm32g4xx_ll_usb.o(i.USB_WritePMA)
    UsageFault_Handler                       0x0800700f   Thumb Code     2  stm32g4xx_it.o(i.UsageFault_Handler)
    atan2Rad                                 0x08007081   Thumb Code   254  mcmath.o(i.atan2Rad)
    main                                     0x08007195   Thumb Code  5552  main.o(i.main)
    reset_All                                0x080087ad   Thumb Code   892  mcvar.o(i.reset_All)
    reset_CurrentPICHandler                  0x08008bb5   Thumb Code    18  mcvar.o(i.reset_CurrentPICHandler)
    reset_IncABZHandler                      0x08008bd1   Thumb Code   108  mcvar.o(i.reset_IncABZHandler)
    _fp_init                                 0x08008c61   Thumb Code    10  fpinit.o(x$fpl$fpinit)
    __fplib_config_fpu_vfp                   0x08008c69   Thumb Code     0  fpinit.o(x$fpl$fpinit)
    __fplib_config_pureend_doubles           0x08008c69   Thumb Code     0  fpinit.o(x$fpl$fpinit)
    AHBPrescTable                            0x08008c98   Data          16  system_stm32g4xx.o(.constdata)
    APBPrescTable                            0x08008ca8   Data           8  system_stm32g4xx.o(.constdata)
    Region$$Table$$Base                      0x080090f0   Number         0  anon$$obj.o(Region$$Table)
    Region$$Table$$Limit                     0x08009110   Number         0  anon$$obj.o(Region$$Table)
    tempDat                                  0x20000000   Data           2  main.o(.data)
    SystemCoreClock                          0x20000004   Data           4  system_stm32g4xx.o(.data)
    pSys                                     0x20000068   Data           4  mcvar.o(.data)
    pAbs                                     0x2000006c   Data           4  mcvar.o(.data)
    mcSystemHandler                          0x20000070   Data          36  mcvar.o(.data)
    pSVP                                     0x20000094   Data           4  mcvar.o(.data)
    pMotor                                   0x20000098   Data           4  mcvar.o(.data)
    pIncABZ                                  0x2000009c   Data           4  mcvar.o(.data)
    pSens                                    0x200000a0   Data           4  mcvar.o(.data)
    pHFPI                                    0x200000a4   Data           4  mcvar.o(.data)
    pHFSI                                    0x200000a8   Data           4  mcvar.o(.data)
    pIdPIC                                   0x200000ac   Data           4  mcvar.o(.data)
    pIqPIC                                   0x200000b0   Data           4  mcvar.o(.data)
    pSpPIC                                   0x200000b4   Data           4  mcvar.o(.data)
    pParmeterIndentify                       0x200000b8   Data           4  mcvar.o(.data)
    pNonlinearFlux                           0x200000bc   Data           4  mcvar.o(.data)
    pIF                                      0x200000c0   Data           4  mcvar.o(.data)
    pLuenberger                              0x200000c4   Data           4  mcvar.o(.data)
    frameSendForUSART                        0x200000d4   Data          24  mcconfig.o(.data)
    uwTickPrio                               0x200000ec   Data           4  stm32g4xx_hal.o(.data)
    uwTickFreq                               0x200000f0   Data           4  stm32g4xx_hal.o(.data)
    uwTick                                   0x200000f4   Data           4  stm32g4xx_hal.o(.data)
    CDC_Desc                                 0x200000f8   Data          32  usbd_desc.o(.data)
    USBD_LangIDDesc                          0x20000118   Data           4  usbd_desc.o(.data)
    USBD_CDC_DeviceDesc                      0x2000011c   Data          18  usbd_desc.o(.data)
    USBD_StringSerial                        0x20000130   Data          26  usbd_desc.o(.data)
    USBD_Interface_fops_FS                   0x2000014c   Data          20  usbd_cdc_if.o(.data)
    USBD_CDC                                 0x2000023c   Data          56  usbd_cdc.o(.data)
    svpwmHandler                             0x20000648   Data          40  mcvar.o(.bss)
    motorParHandler                          0x20000670   Data          28  mcvar.o(.bss)
    incABZHandler                            0x2000068c   Data          44  mcvar.o(.bss)
    sensorHandler                            0x200006b8   Data          84  mcvar.o(.bss)
    hfpiHandler                              0x2000070c   Data          84  mcvar.o(.bss)
    hfsiHandler                              0x20000760   Data          92  mcvar.o(.bss)
    currentIdPICHandler                      0x200007bc   Data          20  mcvar.o(.bss)
    currentIqPICHandler                      0x200007d0   Data          20  mcvar.o(.bss)
    speedPICHandler                          0x200007e4   Data          20  mcvar.o(.bss)
    NSIdendityHandler                        0x200007f8   Data          52  mcvar.o(.bss)
    MCParameterIdentifyHandler               0x2000082c   Data          68  mcvar.o(.bss)
    NSHandler                                0x20000870   Data          56  mcvar.o(.bss)
    NonlinearFluxHandler                     0x200008a8   Data          56  mcvar.o(.bss)
    IFHandler                                0x200008e0   Data          20  mcvar.o(.bss)
    luenbergerObsHandler                     0x200008f4   Data          56  mcvar.o(.bss)
    absEncoderHandler                        0x2000092c   Data          12  mcvar.o(.bss)
    frameReceiveForUSART                     0x20000948   Data         128  mcconfig.o(.bss)
    _SEGGER_RTT                              0x200009c8   Data         168  segger_rtt.o(.bss)
    hpcd_USB_FS                              0x200010a0   Data         732  usbd_conf.o(.bss)
    hUsbDeviceFS                             0x2000137c   Data         720  usb_device.o(.bss)
    USBD_StrDesc                             0x2000164c   Data         512  usbd_desc.o(.bss)
    UserRxBufferFS                           0x2000184c   Data        1000  usbd_cdc_if.o(.bss)
    UserTxBufferFS                           0x20001c34   Data        1000  usbd_cdc_if.o(.bss)
    __libspace_start                         0x2000201c   Data          96  libspace.o(.bss)
    __temporary_stack_top$libspace           0x2000207c   Data           0  libspace.o(.bss)



==============================================================================

Memory Map of the image

  Image Entry point : 0x080001d9

  Load Region LR_IROM1 (Base: 0x08000000, Size: 0x00009384, Max: 0x00020000, ABSOLUTE, COMPRESSED[0x00009214])

    Execution Region ER_IROM1 (Exec base: 0x08000000, Load base: 0x08000000, Size: 0x00009110, Max: 0x00020000, ABSOLUTE)

    Exec Addr    Load Addr    Size         Type   Attr      Idx    E Section Name        Object

    0x08000000   0x08000000   0x000001d8   Data   RO            3    RESET               startup_stm32g431xx.o
    0x080001d8   0x080001d8   0x00000008   Code   RO         5132  * !!!main             c_w.l(__main.o)
    0x080001e0   0x080001e0   0x00000034   Code   RO         5305    !!!scatter          c_w.l(__scatter.o)
    0x08000214   0x08000214   0x0000005a   Code   RO         5303    !!dczerorl2         c_w.l(__dczerorl2.o)
    0x0800026e   0x0800026e   0x00000002   PAD
    0x08000270   0x08000270   0x0000001c   Code   RO         5307    !!handler_zi        c_w.l(__scatter_zi.o)
    0x0800028c   0x0800028c   0x00000002   Code   RO         5171    .ARM.Collect$$libinit$$00000000  c_w.l(libinit.o)
    0x0800028e   0x0800028e   0x00000004   Code   RO         5183    .ARM.Collect$$libinit$$00000001  c_w.l(libinit2.o)
    0x08000292   0x08000292   0x00000000   Code   RO         5186    .ARM.Collect$$libinit$$00000004  c_w.l(libinit2.o)
    0x08000292   0x08000292   0x00000000   Code   RO         5189    .ARM.Collect$$libinit$$0000000A  c_w.l(libinit2.o)
    0x08000292   0x08000292   0x00000000   Code   RO         5191    .ARM.Collect$$libinit$$0000000C  c_w.l(libinit2.o)
    0x08000292   0x08000292   0x00000000   Code   RO         5193    .ARM.Collect$$libinit$$0000000E  c_w.l(libinit2.o)
    0x08000292   0x08000292   0x00000000   Code   RO         5196    .ARM.Collect$$libinit$$00000011  c_w.l(libinit2.o)
    0x08000292   0x08000292   0x00000000   Code   RO         5198    .ARM.Collect$$libinit$$00000013  c_w.l(libinit2.o)
    0x08000292   0x08000292   0x00000000   Code   RO         5200    .ARM.Collect$$libinit$$00000015  c_w.l(libinit2.o)
    0x08000292   0x08000292   0x00000000   Code   RO         5202    .ARM.Collect$$libinit$$00000017  c_w.l(libinit2.o)
    0x08000292   0x08000292   0x00000000   Code   RO         5204    .ARM.Collect$$libinit$$00000019  c_w.l(libinit2.o)
    0x08000292   0x08000292   0x00000000   Code   RO         5206    .ARM.Collect$$libinit$$0000001B  c_w.l(libinit2.o)
    0x08000292   0x08000292   0x00000000   Code   RO         5208    .ARM.Collect$$libinit$$0000001D  c_w.l(libinit2.o)
    0x08000292   0x08000292   0x00000000   Code   RO         5210    .ARM.Collect$$libinit$$0000001F  c_w.l(libinit2.o)
    0x08000292   0x08000292   0x00000000   Code   RO         5212    .ARM.Collect$$libinit$$00000021  c_w.l(libinit2.o)
    0x08000292   0x08000292   0x00000000   Code   RO         5214    .ARM.Collect$$libinit$$00000023  c_w.l(libinit2.o)
    0x08000292   0x08000292   0x00000000   Code   RO         5216    .ARM.Collect$$libinit$$00000025  c_w.l(libinit2.o)
    0x08000292   0x08000292   0x00000000   Code   RO         5220    .ARM.Collect$$libinit$$0000002C  c_w.l(libinit2.o)
    0x08000292   0x08000292   0x00000000   Code   RO         5222    .ARM.Collect$$libinit$$0000002E  c_w.l(libinit2.o)
    0x08000292   0x08000292   0x00000000   Code   RO         5224    .ARM.Collect$$libinit$$00000030  c_w.l(libinit2.o)
    0x08000292   0x08000292   0x00000000   Code   RO         5226    .ARM.Collect$$libinit$$00000032  c_w.l(libinit2.o)
    0x08000292   0x08000292   0x00000002   Code   RO         5227    .ARM.Collect$$libinit$$00000033  c_w.l(libinit2.o)
    0x08000294   0x08000294   0x00000002   Code   RO         5258    .ARM.Collect$$libshutdown$$00000000  c_w.l(libshutdown.o)
    0x08000296   0x08000296   0x00000000   Code   RO         5284    .ARM.Collect$$libshutdown$$00000002  c_w.l(libshutdown2.o)
    0x08000296   0x08000296   0x00000000   Code   RO         5286    .ARM.Collect$$libshutdown$$00000004  c_w.l(libshutdown2.o)
    0x08000296   0x08000296   0x00000000   Code   RO         5288    .ARM.Collect$$libshutdown$$00000006  c_w.l(libshutdown2.o)
    0x08000296   0x08000296   0x00000000   Code   RO         5291    .ARM.Collect$$libshutdown$$00000009  c_w.l(libshutdown2.o)
    0x08000296   0x08000296   0x00000000   Code   RO         5294    .ARM.Collect$$libshutdown$$0000000C  c_w.l(libshutdown2.o)
    0x08000296   0x08000296   0x00000000   Code   RO         5296    .ARM.Collect$$libshutdown$$0000000E  c_w.l(libshutdown2.o)
    0x08000296   0x08000296   0x00000000   Code   RO         5299    .ARM.Collect$$libshutdown$$00000011  c_w.l(libshutdown2.o)
    0x08000296   0x08000296   0x00000002   Code   RO         5300    .ARM.Collect$$libshutdown$$00000012  c_w.l(libshutdown2.o)
    0x08000298   0x08000298   0x00000000   Code   RO         5134    .ARM.Collect$$rtentry$$00000000  c_w.l(__rtentry.o)
    0x08000298   0x08000298   0x00000000   Code   RO         5142    .ARM.Collect$$rtentry$$00000002  c_w.l(__rtentry2.o)
    0x08000298   0x08000298   0x00000006   Code   RO         5154    .ARM.Collect$$rtentry$$00000004  c_w.l(__rtentry4.o)
    0x0800029e   0x0800029e   0x00000000   Code   RO         5144    .ARM.Collect$$rtentry$$00000009  c_w.l(__rtentry2.o)
    0x0800029e   0x0800029e   0x00000004   Code   RO         5145    .ARM.Collect$$rtentry$$0000000A  c_w.l(__rtentry2.o)
    0x080002a2   0x080002a2   0x00000000   Code   RO         5147    .ARM.Collect$$rtentry$$0000000C  c_w.l(__rtentry2.o)
    0x080002a2   0x080002a2   0x00000008   Code   RO         5148    .ARM.Collect$$rtentry$$0000000D  c_w.l(__rtentry2.o)
    0x080002aa   0x080002aa   0x00000002   Code   RO         5175    .ARM.Collect$$rtexit$$00000000  c_w.l(rtexit.o)
    0x080002ac   0x080002ac   0x00000000   Code   RO         5231    .ARM.Collect$$rtexit$$00000002  c_w.l(rtexit2.o)
    0x080002ac   0x080002ac   0x00000004   Code   RO         5232    .ARM.Collect$$rtexit$$00000003  c_w.l(rtexit2.o)
    0x080002b0   0x080002b0   0x00000006   Code   RO         5233    .ARM.Collect$$rtexit$$00000004  c_w.l(rtexit2.o)
    0x080002b6   0x080002b6   0x00000002   PAD
    0x080002b8   0x080002b8   0x00000040   Code   RO            4    .text               startup_stm32g431xx.o
    0x080002f8   0x080002f8   0x000000ee   Code   RO         5122    .text               c_w.l(lludivv7m.o)
    0x080003e6   0x080003e6   0x0000004e   Code   RO         5128    .text               c_w.l(rt_memclr_w.o)
    0x08000434   0x08000434   0x00000006   Code   RO         5130    .text               c_w.l(heapauxi.o)
    0x0800043a   0x0800043a   0x0000004a   Code   RO         5158    .text               c_w.l(sys_stackheap_outer.o)
    0x08000484   0x08000484   0x00000012   Code   RO         5160    .text               c_w.l(exit.o)
    0x08000496   0x08000496   0x00000002   PAD
    0x08000498   0x08000498   0x00000008   Code   RO         5172    .text               c_w.l(libspace.o)
    0x080004a0   0x080004a0   0x0000000c   Code   RO         5228    .text               c_w.l(sys_exit.o)
    0x080004ac   0x080004ac   0x00000002   Code   RO         5247    .text               c_w.l(use_no_semi.o)
    0x080004ae   0x080004ae   0x00000000   Code   RO         5249    .text               c_w.l(indicate_semi.o)
    0x080004ae   0x080004ae   0x00000032   Code   RO          280    i.ADC1_2_IRQHandler  stm32g4xx_it.o
    0x080004e0   0x080004e0   0x00000024   Code   RO          678    i.Abc_AlphaBeta_Trans  mcmath.o
    0x08000504   0x08000504   0x00000070   Code   RO          831    i.AbsEncoderCalculateRealEleAngle  mcsensor.o
    0x08000574   0x08000574   0x00000022   Code   RO          680    i.AlphaBeta_Dq_Trans  mcmath.o
    0x08000596   0x08000596   0x0000003e   Code   RO          536    i.BPF_2stOrder_1in_1out_Calculate  mcdigitalfilter.o
    0x080005d4   0x080005d4   0x0000001c   Code   RO          537    i.BPF_2stOrder_1in_1out_SetPar  mcdigitalfilter.o
    0x080005f0   0x080005f0   0x00000002   Code   RO          281    i.BusFault_Handler  stm32g4xx_it.o
    0x080005f2   0x080005f2   0x00000004   Code   RO         4704    i.CDC_Control_FS    usbd_cdc_if.o
    0x080005f6   0x080005f6   0x00000004   Code   RO         4705    i.CDC_DeInit_FS     usbd_cdc_if.o
    0x080005fa   0x080005fa   0x00000002   PAD
    0x080005fc   0x080005fc   0x00000024   Code   RO         4706    i.CDC_Init_FS       usbd_cdc_if.o
    0x08000620   0x08000620   0x00000018   Code   RO         4707    i.CDC_Receive_FS    usbd_cdc_if.o
    0x08000638   0x08000638   0x00000004   Code   RO         4708    i.CDC_TransmitCplt_FS  usbd_cdc_if.o
    0x0800063c   0x0800063c   0x0000002c   Code   RO         4709    i.CDC_Transmit_FS   usbd_cdc_if.o
    0x08000668   0x08000668   0x00000004   Code   RO          682    i.CalculateSinCosValue  mcmath.o
    0x0800066c   0x0800066c   0x00000002   Code   RO          282    i.DMA1_Channel1_IRQHandler  stm32g4xx_it.o
    0x0800066e   0x0800066e   0x00000002   Code   RO          283    i.DMA1_Channel2_IRQHandler  stm32g4xx_it.o
    0x08000670   0x08000670   0x00000002   Code   RO          284    i.DMA2_Channel1_IRQHandler  stm32g4xx_it.o
    0x08000672   0x08000672   0x00000002   Code   RO          285    i.DMA2_Channel2_IRQHandler  stm32g4xx_it.o
    0x08000674   0x08000674   0x00000002   Code   RO          286    i.DebugMon_Handler  stm32g4xx_it.o
    0x08000676   0x08000676   0x00000022   Code   RO          684    i.Dq_AlphaBeta_Trans  mcmath.o
    0x08000698   0x08000698   0x00000044   Code   RO          287    i.EXTI2_IRQHandler  stm32g4xx_it.o
    0x080006dc   0x080006dc   0x00000004   Code   RO           13    i.Error_Handler     main.o
    0x080006e0   0x080006e0   0x00000240   Code   RO          866    i.FOC_Method_HFPI_WithoutNS  mctask.o
    0x08000920   0x08000920   0x000001cc   Code   RO          867    i.FOC_Method_HFSI_WithoutNS  mctask.o
    0x08000aec   0x08000aec   0x0000028c   Code   RO          868    i.FOC_Method_IF_Luenberger  mctask.o
    0x08000d78   0x08000d78   0x00000414   Code   RO          869    i.FOC_Method_IF_Luenberger_Debug  mctask.o
    0x0800118c   0x0800118c   0x0000020c   Code   RO          870    i.FOC_Method_IncABZ  mctask.o
    0x08001398   0x08001398   0x00000160   Code   RO          871    i.FOC_Method_NonlinearFlux  mctask.o
    0x080014f8   0x080014f8   0x00000264   Code   RO          872    i.FOC_Method_NonlinearFlux_Debug  mctask.o
    0x0800175c   0x0800175c   0x00000160   Code   RO          873    i.FOC_Method_ParIdentify  mctask.o
    0x080018bc   0x080018bc   0x00000004   Code   RO          685    i.FastReciprocalSquareRoot  mcmath.o
    0x080018c0   0x080018c0   0x00000004   Code   RO          686    i.FastSquareRoot    mcmath.o
    0x080018c4   0x080018c4   0x00000010   Code   RO         2281    i.HAL_IncTick       stm32g4xx_hal.o
    0x080018d4   0x080018d4   0x0000001e   Code   RO         2282    i.HAL_Init          stm32g4xx_hal.o
    0x080018f2   0x080018f2   0x00000002   PAD
    0x080018f4   0x080018f4   0x00000044   Code   RO         2283    i.HAL_InitTick      stm32g4xx_hal.o
    0x08001938   0x08001938   0x0000003c   Code   RO          471    i.HAL_MspInit       stm32g4xx_hal_msp.o
    0x08001974   0x08001974   0x0000001e   Code   RO         3590    i.HAL_NVIC_EnableIRQ  stm32g4xx_hal_cortex.o
    0x08001992   0x08001992   0x00000002   PAD
    0x08001994   0x08001994   0x00000064   Code   RO         3596    i.HAL_NVIC_SetPriority  stm32g4xx_hal_cortex.o
    0x080019f8   0x080019f8   0x00000024   Code   RO         3597    i.HAL_NVIC_SetPriorityGrouping  stm32g4xx_hal_cortex.o
    0x08001a1c   0x08001a1c   0x0000002a   Code   RO         2049    i.HAL_PCDEx_ActivateLPM  stm32g4xx_hal_pcd_ex.o
    0x08001a46   0x08001a46   0x00000002   PAD
    0x08001a48   0x08001a48   0x00000048   Code   RO         4378    i.HAL_PCDEx_LPM_Callback  usbd_conf.o
    0x08001a90   0x08001a90   0x00000034   Code   RO         2055    i.HAL_PCDEx_PMAConfig  stm32g4xx_hal_pcd_ex.o
    0x08001ac4   0x08001ac4   0x00000012   Code   RO         4380    i.HAL_PCD_DataInStageCallback  usbd_conf.o
    0x08001ad6   0x08001ad6   0x00000014   Code   RO         4381    i.HAL_PCD_DataOutStageCallback  usbd_conf.o
    0x08001aea   0x08001aea   0x0000004c   Code   RO         1837    i.HAL_PCD_EP_Close  stm32g4xx_hal_pcd.o
    0x08001b36   0x08001b36   0x0000005c   Code   RO         1838    i.HAL_PCD_EP_ClrStall  stm32g4xx_hal_pcd.o
    0x08001b92   0x08001b92   0x00000012   Code   RO         1840    i.HAL_PCD_EP_GetRxCount  stm32g4xx_hal_pcd.o
    0x08001ba4   0x08001ba4   0x0000005e   Code   RO         1841    i.HAL_PCD_EP_Open   stm32g4xx_hal_pcd.o
    0x08001c02   0x08001c02   0x0000002e   Code   RO         1842    i.HAL_PCD_EP_Receive  stm32g4xx_hal_pcd.o
    0x08001c30   0x08001c30   0x0000005c   Code   RO         1843    i.HAL_PCD_EP_SetStall  stm32g4xx_hal_pcd.o
    0x08001c8c   0x08001c8c   0x0000002e   Code   RO         1844    i.HAL_PCD_EP_Transmit  stm32g4xx_hal_pcd.o
    0x08001cba   0x08001cba   0x00000190   Code   RO         1846    i.HAL_PCD_IRQHandler  stm32g4xx_hal_pcd.o
    0x08001e4a   0x08001e4a   0x0000008a   Code   RO         1849    i.HAL_PCD_Init      stm32g4xx_hal_pcd.o
    0x08001ed4   0x08001ed4   0x00000048   Code   RO         4386    i.HAL_PCD_MspInit   usbd_conf.o
    0x08001f1c   0x08001f1c   0x00000026   Code   RO         4387    i.HAL_PCD_ResetCallback  usbd_conf.o
    0x08001f42   0x08001f42   0x00000002   PAD
    0x08001f44   0x08001f44   0x00000028   Code   RO         4388    i.HAL_PCD_ResumeCallback  usbd_conf.o
    0x08001f6c   0x08001f6c   0x00000008   Code   RO         4389    i.HAL_PCD_SOFCallback  usbd_conf.o
    0x08001f74   0x08001f74   0x00000026   Code   RO         1855    i.HAL_PCD_SetAddress  stm32g4xx_hal_pcd.o
    0x08001f9a   0x08001f9a   0x0000000e   Code   RO         4390    i.HAL_PCD_SetupStageCallback  usbd_conf.o
    0x08001fa8   0x08001fa8   0x0000002a   Code   RO         1857    i.HAL_PCD_Start     stm32g4xx_hal_pcd.o
    0x08001fd2   0x08001fd2   0x00000002   PAD
    0x08001fd4   0x08001fd4   0x00000024   Code   RO         4391    i.HAL_PCD_SuspendCallback  usbd_conf.o
    0x08001ff8   0x08001ff8   0x00000010   Code   RO         3358    i.HAL_PWREx_DisableUCPDDeadBattery  stm32g4xx_hal_pwr_ex.o
    0x08002008   0x08002008   0x00000010   Code   RO         2292    i.HAL_SYSCFG_DisableVREFBUF  stm32g4xx_hal.o
    0x08002018   0x08002018   0x00000014   Code   RO         2297    i.HAL_SYSCFG_VREFBUF_HighImpedanceConfig  stm32g4xx_hal.o
    0x0800202c   0x0800202c   0x0000002c   Code   RO         3601    i.HAL_SYSTICK_Config  stm32g4xx_hal_cortex.o
    0x08002058   0x08002058   0x00000180   Code   RO          618    i.HFPISensorlessObserver  mclvsensorless.o
    0x080021d8   0x080021d8   0x00000044   Code   RO          619    i.HFPI_BPF0_2stOrder_1in_1out_SetPar  mclvsensorless.o
    0x0800221c   0x0800221c   0x0000000c   Code   RO          620    i.HFPI_BPF1_2stOrder_1in_1out_SetPar  mclvsensorless.o
    0x08002228   0x08002228   0x00000044   Code   RO          621    i.HFPI_LPF_2stOrder_1in_1out_SetPar  mclvsensorless.o
    0x0800226c   0x0800226c   0x00000188   Code   RO          622    i.HFSISensorlessObserver  mclvsensorless.o
    0x080023f4   0x080023f4   0x00000002   Code   RO          288    i.HardFault_Handler  stm32g4xx_it.o
    0x080023f6   0x080023f6   0x0000000e   Code   RO         1112    i.Hardware_FastReciprocalSquareRoot  mcconfig.o
    0x08002404   0x08002404   0x00000006   Code   RO         1113    i.Hardware_FastSquareRoot  mcconfig.o
    0x0800240a   0x0800240a   0x00000002   PAD
    0x0800240c   0x0800240c   0x0000000c   Code   RO         1114    i.Hardware_GetABZCounter  mcconfig.o
    0x08002418   0x08002418   0x00000020   Code   RO         1116    i.Hardware_GetAbsCounter  mcconfig.o
    0x08002438   0x08002438   0x00000080   Code   RO         1117    i.Hardware_GetBusVoltage  mcconfig.o
    0x080024b8   0x080024b8   0x0000000c   Code   RO         1119    i.Hardware_GetPulseCounter  mcconfig.o
    0x080024c4   0x080024c4   0x00000050   Code   RO         1120    i.Hardware_GetSinCosVal  mcconfig.o
    0x08002514   0x08002514   0x00000038   Code   RO         1123    i.Hardware_MCStartOrStop  mcconfig.o
    0x0800254c   0x0800254c   0x00000054   Code   RO         1124    i.Hardware_PerformanceTaskEvent  mcconfig.o
    0x080025a0   0x080025a0   0x000001c0   Code   RO         1125    i.Hardware_SafatyTaskEvent  mcconfig.o
    0x08002760   0x08002760   0x0000000c   Code   RO         1126    i.Hardware_SetABZCounter  mcconfig.o
    0x0800276c   0x0800276c   0x00000010   Code   RO         1127    i.Hardware_SetCCR   mcconfig.o
    0x0800277c   0x0800277c   0x0000000c   Code   RO         1128    i.Hardware_SetPulseCounter  mcconfig.o
    0x08002788   0x08002788   0x0000004c   Code   RO         1129    i.Hardware_StartPWM  mcconfig.o
    0x080027d4   0x080027d4   0x0000004c   Code   RO         1130    i.Hardware_StopPWM  mcconfig.o
    0x08002820   0x08002820   0x00000070   Code   RO         1131    i.Harware_GetCurrentAB  mcconfig.o
    0x08002890   0x08002890   0x0000009c   Code   RO          874    i.IdCurrentPIController  mctask.o
    0x0800292c   0x0800292c   0x00000034   Code   RO          833    i.IncAbzCalculateRealEleAngle  mcsensor.o
    0x08002960   0x08002960   0x00000140   Code   RO          834    i.IncAbzCalculateRealEleSpeed  mcsensor.o
    0x08002aa0   0x08002aa0   0x0000009c   Code   RO          875    i.IqCurrentPIController  mctask.o
    0x08002b3c   0x08002b3c   0x00000054   Code   RO         3716    i.LL_ADC_CommonInit  stm32g4xx_ll_adc.o
    0x08002b90   0x08002b90   0x00000052   Code   RO         3719    i.LL_ADC_INJ_Init   stm32g4xx_ll_adc.o
    0x08002be2   0x08002be2   0x00000032   Code   RO         3721    i.LL_ADC_Init       stm32g4xx_ll_adc.o
    0x08002c14   0x08002c14   0x0000006c   Code   RO         3722    i.LL_ADC_REG_Init   stm32g4xx_ll_adc.o
    0x08002c80   0x08002c80   0x00000040   Code   RO         3841    i.LL_COMP_Init      stm32g4xx_ll_comp.o
    0x08002cc0   0x08002cc0   0x000000d8   Code   RO         4008    i.LL_DAC_Init       stm32g4xx_ll_dac.o
    0x08002d98   0x08002d98   0x000001b4   Code   RO         1747    i.LL_EXTI_Init      stm32g4xx_ll_exti.o
    0x08002f4c   0x08002f4c   0x00000152   Code   RO         1786    i.LL_GPIO_Init      stm32g4xx_ll_gpio.o
    0x0800309e   0x0800309e   0x0000006e   Code   RO         4047    i.LL_I2C_Init       stm32g4xx_ll_i2c.o
    0x0800310c   0x0800310c   0x00000088   Code   RO         3889    i.LL_RCC_GetUARTClockFreq  stm32g4xx_ll_rcc.o
    0x08003194   0x08003194   0x00000128   Code   RO         3890    i.LL_RCC_GetUSARTClockFreq  stm32g4xx_ll_rcc.o
    0x080032bc   0x080032bc   0x0000007a   Code   RO         4129    i.LL_SPI_Init       stm32g4xx_ll_spi.o
    0x08003336   0x08003336   0x00000002   PAD
    0x08003338   0x08003338   0x0000000c   Code   RO         1684    i.LL_SetSystemCoreClock  stm32g4xx_ll_utils.o
    0x08003344   0x08003344   0x00000078   Code   RO         4226    i.LL_TIM_BDTR_Init  stm32g4xx_ll_tim.o
    0x080033bc   0x080033bc   0x000000b0   Code   RO         4235    i.LL_TIM_Init       stm32g4xx_ll_tim.o
    0x0800346c   0x0800346c   0x00000354   Code   RO         4236    i.LL_TIM_OC_Init    stm32g4xx_ll_tim.o
    0x080037c0   0x080037c0   0x000000f0   Code   RO         4328    i.LL_USART_Init     stm32g4xx_ll_usart.o
    0x080038b0   0x080038b0   0x0000003e   Code   RO          540    i.LPF_2stOrder_1in_1out_Calculate  mcdigitalfilter.o
    0x080038ee   0x080038ee   0x00000002   PAD
    0x080038f0   0x080038f0   0x0000001c   Code   RO          541    i.LPF_2stOrder_1in_1out_SetPar  mcdigitalfilter.o
    0x0800390c   0x0800390c   0x00000128   Code   RO          588    i.LuenbergerObs     mchvsensorless.o
    0x08003a34   0x08003a34   0x00000298   Code   RO          791    i.MCParIdentify_Rs_Ls  mcparidentify.o
    0x08003ccc   0x08003ccc   0x000002b0   Code   RO           14    i.MX_ADC1_Init      main.o
    0x08003f7c   0x08003f7c   0x000002e8   Code   RO           15    i.MX_TIM1_Init      main.o
    0x08004264   0x08004264   0x00000058   Code   RO         4592    i.MX_USB_Device_Init  usb_device.o
    0x080042bc   0x080042bc   0x00000064   Code   RO          688    i.MedianFilter      mcmath.o
    0x08004320   0x08004320   0x00000002   Code   RO          289    i.MemManage_Handler  stm32g4xx_it.o
    0x08004322   0x08004322   0x00000002   Code   RO          290    i.NMI_Handler       stm32g4xx_it.o
    0x08004324   0x08004324   0x00000138   Code   RO          589    i.NonlinearFluxObsProcess  mchvsensorless.o
    0x0800445c   0x0800445c   0x00000862   Code   RO         1860    i.PCD_EP_ISR_Handler  stm32g4xx_hal_pcd.o
    0x08004cbe   0x08004cbe   0x00000002   Code   RO          291    i.PendSV_Handler    stm32g4xx_it.o
    0x08004cc0   0x08004cc0   0x00000108   Code   RO          877    i.PerformanceCriticalTask  mctask.o
    0x08004dc8   0x08004dc8   0x00000064   Code   RO         3892    i.RCC_GetSystemClockFreq  stm32g4xx_ll_rcc.o
    0x08004e2c   0x08004e2c   0x00000004   Code   RO         1435    i.SEGGER_RTT_Init   segger_rtt.o
    0x08004e30   0x08004e30   0x00000002   Code   RO          292    i.SVC_Handler       stm32g4xx_it.o
    0x08004e32   0x08004e32   0x00000002   PAD
    0x08004e34   0x08004e34   0x000001d8   Code   RO          878    i.SafetyTask        mctask.o
    0x0800500c   0x0800500c   0x00000234   Code   RO          879    i.SectorCalModeSvpwm  mctask.o
    0x08005240   0x08005240   0x000000a4   Code   RO          881    i.SpeedPIController  mctask.o
    0x080052e4   0x080052e4   0x0000000e   Code   RO          293    i.SysTick_Handler   stm32g4xx_it.o
    0x080052f2   0x080052f2   0x00000002   PAD
    0x080052f4   0x080052f4   0x00000100   Code   RO           16    i.SystemClock_Config  main.o
    0x080053f4   0x080053f4   0x00000010   Code   RO          502    i.SystemInit        system_stm32g4xx.o
    0x08005404   0x08005404   0x00000020   Code   RO         4623    i.USBD_CDC_ConfigStrDescriptor  usbd_desc.o
    0x08005424   0x08005424   0x00000064   Code   RO         5017    i.USBD_CDC_DataIn   usbd_cdc.o
    0x08005488   0x08005488   0x0000002c   Code   RO         5018    i.USBD_CDC_DataOut  usbd_cdc.o
    0x080054b4   0x080054b4   0x00000048   Code   RO         5019    i.USBD_CDC_DeInit   usbd_cdc.o
    0x080054fc   0x080054fc   0x0000000c   Code   RO         4624    i.USBD_CDC_DeviceDescriptor  usbd_desc.o
    0x08005508   0x08005508   0x00000032   Code   RO         5020    i.USBD_CDC_EP0_RxReady  usbd_cdc.o
    0x0800553a   0x0800553a   0x00000002   PAD
    0x0800553c   0x0800553c   0x0000000c   Code   RO         5021    i.USBD_CDC_GetDeviceQualifierDescriptor  usbd_cdc.o
    0x08005548   0x08005548   0x0000000c   Code   RO         5022    i.USBD_CDC_GetFSCfgDesc  usbd_cdc.o
    0x08005554   0x08005554   0x0000000c   Code   RO         5023    i.USBD_CDC_GetHSCfgDesc  usbd_cdc.o
    0x08005560   0x08005560   0x0000000c   Code   RO         5024    i.USBD_CDC_GetOtherSpeedCfgDesc  usbd_cdc.o
    0x0800556c   0x0800556c   0x000000be   Code   RO         5025    i.USBD_CDC_Init     usbd_cdc.o
    0x0800562a   0x0800562a   0x00000002   PAD
    0x0800562c   0x0800562c   0x00000024   Code   RO         4625    i.USBD_CDC_InterfaceStrDescriptor  usbd_desc.o
    0x08005650   0x08005650   0x0000000c   Code   RO         4626    i.USBD_CDC_LangIDStrDescriptor  usbd_desc.o
    0x0800565c   0x0800565c   0x00000028   Code   RO         4627    i.USBD_CDC_ManufacturerStrDescriptor  usbd_desc.o
    0x08005684   0x08005684   0x0000002c   Code   RO         4628    i.USBD_CDC_ProductStrDescriptor  usbd_desc.o
    0x080056b0   0x080056b0   0x00000030   Code   RO         5026    i.USBD_CDC_ReceivePacket  usbd_cdc.o
    0x080056e0   0x080056e0   0x0000000e   Code   RO         5027    i.USBD_CDC_RegisterInterface  usbd_cdc.o
    0x080056ee   0x080056ee   0x00000002   PAD
    0x080056f0   0x080056f0   0x00000084   Code   RO         4629    i.USBD_CDC_SerialStrDescriptor  usbd_desc.o
    0x08005774   0x08005774   0x00000012   Code   RO         5028    i.USBD_CDC_SetRxBuffer  usbd_cdc.o
    0x08005786   0x08005786   0x00000018   Code   RO         5029    i.USBD_CDC_SetTxBuffer  usbd_cdc.o
    0x0800579e   0x0800579e   0x000000ce   Code   RO         5030    i.USBD_CDC_Setup    usbd_cdc.o
    0x0800586c   0x0800586c   0x00000036   Code   RO         5031    i.USBD_CDC_TransmitPacket  usbd_cdc.o
    0x080058a2   0x080058a2   0x00000012   Code   RO         4761    i.USBD_ClrClassConfig  usbd_core.o
    0x080058b4   0x080058b4   0x00000010   Code   RO         4957    i.USBD_CtlContinueRx  usbd_ioreq.o
    0x080058c4   0x080058c4   0x00000010   Code   RO         4958    i.USBD_CtlContinueSendData  usbd_ioreq.o
    0x080058d4   0x080058d4   0x00000016   Code   RO         4899    i.USBD_CtlError     usbd_ctlreq.o
    0x080058ea   0x080058ea   0x0000001e   Code   RO         4959    i.USBD_CtlPrepareRx  usbd_ioreq.o
    0x08005908   0x08005908   0x00000016   Code   RO         4960    i.USBD_CtlReceiveStatus  usbd_ioreq.o
    0x0800591e   0x0800591e   0x0000001a   Code   RO         4961    i.USBD_CtlSendData  usbd_ioreq.o
    0x08005938   0x08005938   0x00000016   Code   RO         4962    i.USBD_CtlSendStatus  usbd_ioreq.o
    0x0800594e   0x0800594e   0x00000002   PAD
    0x08005950   0x08005950   0x00000068   Code   RO         4900    i.USBD_GetString    usbd_ctlreq.o
    0x080059b8   0x080059b8   0x0000002a   Code   RO         4763    i.USBD_Init         usbd_core.o
    0x080059e2   0x080059e2   0x00000024   Code   RO         4392    i.USBD_LL_ClearStallEP  usbd_conf.o
    0x08005a06   0x08005a06   0x00000024   Code   RO         4393    i.USBD_LL_CloseEP   usbd_conf.o
    0x08005a2a   0x08005a2a   0x000000b8   Code   RO         4764    i.USBD_LL_DataInStage  usbd_core.o
    0x08005ae2   0x08005ae2   0x00000070   Code   RO         4765    i.USBD_LL_DataOutStage  usbd_core.o
    0x08005b52   0x08005b52   0x00000008   Code   RO         4397    i.USBD_LL_GetRxDataSize  usbd_conf.o
    0x08005b5a   0x08005b5a   0x00000002   PAD
    0x08005b5c   0x08005b5c   0x0000008c   Code   RO         4398    i.USBD_LL_Init      usbd_conf.o
    0x08005be8   0x08005be8   0x0000001e   Code   RO         4399    i.USBD_LL_IsStallEP  usbd_conf.o
    0x08005c06   0x08005c06   0x0000002a   Code   RO         4400    i.USBD_LL_OpenEP    usbd_conf.o
    0x08005c30   0x08005c30   0x00000024   Code   RO         4401    i.USBD_LL_PrepareReceive  usbd_conf.o
    0x08005c54   0x08005c54   0x00000062   Code   RO         4770    i.USBD_LL_Reset     usbd_core.o
    0x08005cb6   0x08005cb6   0x00000014   Code   RO         4771    i.USBD_LL_Resume    usbd_core.o
    0x08005cca   0x08005cca   0x00000022   Code   RO         4772    i.USBD_LL_SOF       usbd_core.o
    0x08005cec   0x08005cec   0x00000006   Code   RO         4773    i.USBD_LL_SetSpeed  usbd_core.o
    0x08005cf2   0x08005cf2   0x00000024   Code   RO         4402    i.USBD_LL_SetUSBAddress  usbd_conf.o
    0x08005d16   0x08005d16   0x00000064   Code   RO         4774    i.USBD_LL_SetupStage  usbd_core.o
    0x08005d7a   0x08005d7a   0x00000024   Code   RO         4403    i.USBD_LL_StallEP   usbd_conf.o
    0x08005d9e   0x08005d9e   0x00000024   Code   RO         4404    i.USBD_LL_Start     usbd_conf.o
    0x08005dc2   0x08005dc2   0x00000012   Code   RO         4775    i.USBD_LL_Suspend   usbd_core.o
    0x08005dd4   0x08005dd4   0x00000024   Code   RO         4406    i.USBD_LL_Transmit  usbd_conf.o
    0x08005df8   0x08005df8   0x0000002e   Code   RO         4901    i.USBD_ParseSetupRequest  usbd_ctlreq.o
    0x08005e26   0x08005e26   0x00000026   Code   RO         4776    i.USBD_RegisterClass  usbd_core.o
    0x08005e4c   0x08005e4c   0x00000014   Code   RO         4778    i.USBD_SetClassConfig  usbd_core.o
    0x08005e60   0x08005e60   0x00000004   Code   RO         4779    i.USBD_Start        usbd_core.o
    0x08005e64   0x08005e64   0x000002f8   Code   RO         4902    i.USBD_StdDevReq    usbd_ctlreq.o
    0x0800615c   0x0800615c   0x0000016c   Code   RO         4903    i.USBD_StdEPReq     usbd_ctlreq.o
    0x080062c8   0x080062c8   0x00000058   Code   RO         4904    i.USBD_StdItfReq    usbd_ctlreq.o
    0x08006320   0x08006320   0x00000002   Code   RO         4407    i.USBD_static_free  usbd_conf.o
    0x08006322   0x08006322   0x00000002   PAD
    0x08006324   0x08006324   0x00000008   Code   RO         4408    i.USBD_static_malloc  usbd_conf.o
    0x0800632c   0x0800632c   0x000002f6   Code   RO         2114    i.USB_ActivateEndpoint  stm32g4xx_ll_usb.o
    0x08006622   0x08006622   0x00000002   PAD
    0x08006624   0x08006624   0x0000016a   Code   RO         2118    i.USB_DeactivateEndpoint  stm32g4xx_ll_usb.o
    0x0800678e   0x0800678e   0x00000010   Code   RO         2119    i.USB_DevConnect    stm32g4xx_ll_usb.o
    0x0800679e   0x0800679e   0x00000018   Code   RO         2121    i.USB_DevInit       stm32g4xx_ll_usb.o
    0x080067b6   0x080067b6   0x00000014   Code   RO         2122    i.USB_DisableGlobalInt  stm32g4xx_ll_usb.o
    0x080067ca   0x080067ca   0x00000090   Code   RO         2123    i.USB_EPClearStall  stm32g4xx_ll_usb.o
    0x0800685a   0x0800685a   0x00000034   Code   RO         2124    i.USB_EPSetStall    stm32g4xx_ll_usb.o
    0x0800688e   0x0800688e   0x00000002   PAD
    0x08006890   0x08006890   0x000006fa   Code   RO         2125    i.USB_EPStartXfer   stm32g4xx_ll_usb.o
    0x08006f8a   0x08006f8a   0x00000012   Code   RO         2127    i.USB_EnableGlobalInt  stm32g4xx_ll_usb.o
    0x08006f9c   0x08006f9c   0x0000000c   Code   RO          294    i.USB_LP_IRQHandler  stm32g4xx_it.o
    0x08006fa8   0x08006fa8   0x00000006   Code   RO         2130    i.USB_ReadInterrupts  stm32g4xx_ll_usb.o
    0x08006fae   0x08006fae   0x0000002c   Code   RO         2131    i.USB_ReadPMA       stm32g4xx_ll_usb.o
    0x08006fda   0x08006fda   0x0000000e   Code   RO         2133    i.USB_SetDevAddress  stm32g4xx_ll_usb.o
    0x08006fe8   0x08006fe8   0x00000026   Code   RO         2135    i.USB_WritePMA      stm32g4xx_ll_usb.o
    0x0800700e   0x0800700e   0x00000002   Code   RO          295    i.UsageFault_Handler  stm32g4xx_it.o
    0x08007010   0x08007010   0x00000070   Code   RO         1457    i._DoInit           segger_rtt.o
    0x08007080   0x08007080   0x00000114   Code   RO          690    i.atan2Rad          mcmath.o
    0x08007194   0x08007194   0x00001618   Code   RO           17    i.main              main.o
    0x080087ac   0x080087ac   0x00000408   Code   RO          994    i.reset_All         mcvar.o
    0x08008bb4   0x08008bb4   0x0000001c   Code   RO          995    i.reset_CurrentPICHandler  mcvar.o
    0x08008bd0   0x08008bd0   0x00000090   Code   RO          999    i.reset_IncABZHandler  mcvar.o
    0x08008c60   0x08008c60   0x0000000a   Code   RO         5243    x$fpl$fpinit        fz_wm.l(fpinit.o)
    0x08008c6a   0x08008c6a   0x0000002e   Data   RO           18    .constdata          main.o
    0x08008c98   0x08008c98   0x00000010   Data   RO          503    .constdata          system_stm32g4xx.o
    0x08008ca8   0x08008ca8   0x00000008   Data   RO          504    .constdata          system_stm32g4xx.o
    0x08008cb0   0x08008cb0   0x000003fc   Data   RO          693    .constdata          mcmath.o
    0x080090ac   0x080090ac   0x00000011   Data   RO         1460    .constdata          segger_rtt.o
    0x080090bd   0x080090bd   0x00000003   PAD
    0x080090c0   0x080090c0   0x00000030   Data   RO         4330    .constdata          stm32g4xx_ll_usart.o
    0x080090f0   0x080090f0   0x00000020   Data   RO         5301    Region$$Table       anon$$obj.o


    Execution Region RW_IRAM1 (Exec base: 0x20000000, Load base: 0x08009110, Size: 0x00002680, Max: 0x00008000, ABSOLUTE, COMPRESSED[0x00000104])

    Exec Addr    Load Addr    Size         Type   Attr      Idx    E Section Name        Object

    0x20000000   COMPRESSED   0x00000002   Data   RW           19    .data               main.o
    0x20000002   COMPRESSED   0x00000002   PAD
    0x20000004   COMPRESSED   0x00000004   Data   RW          505    .data               system_stm32g4xx.o
    0x20000008   COMPRESSED   0x00000038   Data   RW          792    .data               mcparidentify.o
    0x20000040   COMPRESSED   0x00000010   Data   RW          835    .data               mcsensor.o
    0x20000050   COMPRESSED   0x00000018   Data   RW          884    .data               mctask.o
    0x20000068   COMPRESSED   0x0000002c   Data   RW         1012    .data               mcvar.o
    0x20000094   COMPRESSED   0x00000004   Data   RW         1013    .data               mcvar.o
    0x20000098   COMPRESSED   0x00000004   Data   RW         1014    .data               mcvar.o
    0x2000009c   COMPRESSED   0x00000004   Data   RW         1015    .data               mcvar.o
    0x200000a0   COMPRESSED   0x00000004   Data   RW         1016    .data               mcvar.o
    0x200000a4   COMPRESSED   0x00000004   Data   RW         1017    .data               mcvar.o
    0x200000a8   COMPRESSED   0x00000004   Data   RW         1018    .data               mcvar.o
    0x200000ac   COMPRESSED   0x00000004   Data   RW         1019    .data               mcvar.o
    0x200000b0   COMPRESSED   0x00000004   Data   RW         1020    .data               mcvar.o
    0x200000b4   COMPRESSED   0x00000004   Data   RW         1021    .data               mcvar.o
    0x200000b8   COMPRESSED   0x00000004   Data   RW         1023    .data               mcvar.o
    0x200000bc   COMPRESSED   0x00000004   Data   RW         1025    .data               mcvar.o
    0x200000c0   COMPRESSED   0x00000004   Data   RW         1026    .data               mcvar.o
    0x200000c4   COMPRESSED   0x00000004   Data   RW         1027    .data               mcvar.o
    0x200000c8   COMPRESSED   0x00000024   Data   RW         1137    .data               mcconfig.o
    0x200000ec   COMPRESSED   0x0000000c   Data   RW         2302    .data               stm32g4xx_hal.o
    0x200000f8   COMPRESSED   0x00000020   Data   RW         4631    .data               usbd_desc.o
    0x20000118   COMPRESSED   0x00000032   Data   RW         4632    .data               usbd_desc.o
    0x2000014a   COMPRESSED   0x00000002   PAD
    0x2000014c   COMPRESSED   0x00000014   Data   RW         4711    .data               usbd_cdc_if.o
    0x20000160   COMPRESSED   0x00000001   Data   RW         4905    .data               usbd_ctlreq.o
    0x20000161   COMPRESSED   0x00000003   PAD
    0x20000164   COMPRESSED   0x000000d7   Data   RW         5032    .data               usbd_cdc.o
    0x2000023b   COMPRESSED   0x00000001   PAD
    0x2000023c   COMPRESSED   0x00000038   Data   RW         5033    .data               usbd_cdc.o
    0x20000274        -       0x0000008c   Zero   RW          625    .bss                mclvsensorless.o
    0x20000300        -       0x00000348   Zero   RW          882    .bss                mctask.o
    0x20000648        -       0x000002e4   Zero   RW         1010    .bss                mcvar.o
    0x2000092c        -       0x0000000c   Zero   RW         1011    .bss                mcvar.o
    0x20000938        -       0x00000090   Zero   RW         1133    .bss                mcconfig.o
    0x200009c8        -       0x000004b8   Zero   RW         1459    .bss                segger_rtt.o
    0x20000e80        -       0x000004fc   Zero   RW         4409    .bss                usbd_conf.o
    0x2000137c        -       0x000002d0   Zero   RW         4593    .bss                usb_device.o
    0x2000164c        -       0x00000200   Zero   RW         4630    .bss                usbd_desc.o
    0x2000184c        -       0x000007d0   Zero   RW         4710    .bss                usbd_cdc_if.o
    0x2000201c        -       0x00000060   Zero   RW         5173    .bss                c_w.l(libspace.o)
    0x2000207c   COMPRESSED   0x00000004   PAD
    0x20002080        -       0x00000200   Zero   RW            2    HEAP                startup_stm32g431xx.o
    0x20002280        -       0x00000400   Zero   RW            1    STACK               startup_stm32g431xx.o


==============================================================================

Image component sizes


      Code (inc. data)   RO Data    RW Data    ZI Data      Debug   Object Name

      7348        454         46          2          0     779334   main.o
      1176        200          0         36        144     604282   mcconfig.o
       180         12          0          0          0       8526   mcdigitalfilter.o
       608         46          0          0          0       2724   mchvsensorless.o
       924         90          0          0        140       5876   mclvsensorless.o
       492         34       1020          0          0      11142   mcmath.o
       664         74          0         56          0       6988   mcparidentify.o
       484         62          0         16          0       2790   mcsensor.o
      6348        632          0         24        840      15554   mctask.o
      1204        186          0         96        752       5221   mcvar.o
       116         22         17          0       1208       7425   segger_rtt.o
        64         26        472          0       1536        844   startup_stm32g431xx.o
       150         24          0         12          0       4284   stm32g4xx_hal.o
       210         16          0          0          0      33383   stm32g4xx_hal_cortex.o
        60          6          0          0          0        874   stm32g4xx_hal_msp.o
      3228          0          0          0          0      14273   stm32g4xx_hal_pcd.o
        94          0          0          0          0       1920   stm32g4xx_hal_pcd_ex.o
        16          4          0          0          0        563   stm32g4xx_hal_pwr_ex.o
       168         16          0          0          0      16429   stm32g4xx_it.o
       324          8          0          0          0      79022   stm32g4xx_ll_adc.o
        64          4          0          0          0      10575   stm32g4xx_ll_comp.o
       216          0          0          0          0      21510   stm32g4xx_ll_dac.o
       436         18          0          0          0       7551   stm32g4xx_ll_exti.o
       338          0          0          0          0       7375   stm32g4xx_ll_gpio.o
       110          0          0          0          0      14498   stm32g4xx_ll_i2c.o
       532         46          0          0          0      26733   stm32g4xx_ll_rcc.o
       122          0          0          0          0      17206   stm32g4xx_ll_spi.o
      1148         48          0          0          0      56430   stm32g4xx_ll_tim.o
       240          8         48          0          0      27272   stm32g4xx_ll_usart.o
      3282          0          0          0          0      16520   stm32g4xx_ll_usb.o
        12          6          0          0          0       6592   stm32g4xx_ll_utils.o
        16          4         24          4          0       1127   system_stm32g4xx.o
        88         16          0          0        720        800   usb_device.o
       868         16          0        271          0      13761   usbd_cdc.o
       116         20          0         20       2000       3916   usbd_cdc_if.o
       800         34          0          0       1276      37087   usbd_conf.o
       694          0          0          0          0       9951   usbd_core.o
      1384         20          0          1          0      13508   usbd_ctlreq.o
       308        112          0         82        512       6038   usbd_desc.o
       132          0          0          0          0       4520   usbd_ioreq.o

    ----------------------------------------------------------------------
     34802       2264       1662        628       9128    1904424   Object Totals
         0          0         32          0          0          0   (incl. Generated)
        38          0          3          8          0          0   (incl. Padding)

    ----------------------------------------------------------------------

      Code (inc. data)   RO Data    RW Data    ZI Data      Debug   Library Member Name

        90          0          0          0          0          0   __dczerorl2.o
         8          0          0          0          0         68   __main.o
         0          0          0          0          0          0   __rtentry.o
        12          0          0          0          0          0   __rtentry2.o
         6          0          0          0          0          0   __rtentry4.o
        52          8          0          0          0          0   __scatter.o
        28          0          0          0          0          0   __scatter_zi.o
        18          0          0          0          0         80   exit.o
         6          0          0          0          0        152   heapauxi.o
         0          0          0          0          0          0   indicate_semi.o
         2          0          0          0          0          0   libinit.o
         6          0          0          0          0          0   libinit2.o
         2          0          0          0          0          0   libshutdown.o
         2          0          0          0          0          0   libshutdown2.o
         8          4          0          0         96         68   libspace.o
       238          0          0          0          0        100   lludivv7m.o
        78          0          0          0          0         80   rt_memclr_w.o
         2          0          0          0          0          0   rtexit.o
        10          0          0          0          0          0   rtexit2.o
        12          4          0          0          0         68   sys_exit.o
        74          0          0          0          0         80   sys_stackheap_outer.o
         2          0          0          0          0         68   use_no_semi.o
        10          0          0          0          0        116   fpinit.o

    ----------------------------------------------------------------------
       672         16          0          0        100        880   Library Totals
         6          0          0          0          4          0   (incl. Padding)

    ----------------------------------------------------------------------

      Code (inc. data)   RO Data    RW Data    ZI Data      Debug   Library Name

       656         16          0          0         96        764   c_w.l
        10          0          0          0          0        116   fz_wm.l

    ----------------------------------------------------------------------
       672         16          0          0        100        880   Library Totals

    ----------------------------------------------------------------------

==============================================================================


      Code (inc. data)   RO Data    RW Data    ZI Data      Debug   

     35474       2280       1662        628       9228    1885844   Grand Totals
     35474       2280       1662        260       9228    1885844   ELF Image Totals (compressed)
     35474       2280       1662        260          0          0   ROM Totals

==============================================================================

    Total RO  Size (Code + RO Data)                37136 (  36.27kB)
    Total RW  Size (RW Data + ZI Data)              9856 (   9.63kB)
    Total ROM Size (Code + RO Data + RW Data)      37396 (  36.52kB)

==============================================================================

